RNG_test using PractRand version 0.95
RNG = RNG_stdin32, seed = unknown
test set = core, folding = standard (32 bit)

rng=RNG_stdin32, seed=unknown
length= 1 gigabyte (2^30 bytes), time= 6.8 seconds
  Test Name                         Raw       Processed     Evaluation
  BCFN(2+0,13-1,T)                  R= +10.1  p =  6.6e-5   mildly suspicious
  ...and 193 test result(s) without anomalies

rng=RNG_stdin32, seed=unknown
length= 2 gigabytes (2^31 bytes), time= 15.1 seconds
  Test Name                         Raw       Processed     Evaluation
  BCFN(2+0,13-0,T)                  R= +18.8  p =  1.4e-9    VERY SUSPICIOUS 
  ...and 204 test result(s) without anomalies

rng=RNG_stdin32, seed=unknown
length= 4 gigabytes (2^32 bytes), time= 31.4 seconds
  Test Name                         Raw       Processed     Evaluation
  BCFN(2+0,13-0,T)                  R= +34.1  p =  9.3e-18    FAIL !         
  BCFN(2+1,13-0,T)                  R= +12.7  p =  2.6e-6   suspicious       
  FPF-14+6/16:(5,14-0)              R=  +6.6  p =  1.1e-5   unusual          
  FPF-14+6/16:all                   R=  +6.9  p =  5.9e-6   suspicious       
  ...and 213 test result(s) without anomalies

