RNG_test using PractRand version 0.95
RNG = RNG_stdin32, seed = unknown
test set = core, folding = standard (32 bit)

rng=RNG_stdin32, seed=unknown
length= 1 gigabyte (2^30 bytes), time= 8.1 seconds
  no anomalies in 194 test result(s)

rng=RNG_stdin32, seed=unknown
length= 2 gigabytes (2^31 bytes), time= 17.3 seconds
  no anomalies in 205 test result(s)

rng=RNG_stdin32, seed=unknown
length= 4 gigabytes (2^32 bytes), time= 34.4 seconds
  Test Name                         Raw       Processed     Evaluation
  BCFN(2+0,13-0,T)                  R= +10.7  p =  3.0e-5   mildly suspicious
  ...and 216 test result(s) without anomalies

rng=RNG_stdin32, seed=unknown
length= 8 gigabytes (2^33 bytes), time= 68.1 seconds
  Test Name                         Raw       Processed     Evaluation
  BCFN(2+0,13-0,T)                  R= +17.1  p =  1.1e-8    VERY SUSPICIOUS 
  FPF-14+6/16:all                   R=  +4.9  p =  4.9e-4   unusual          
  ...and 228 test result(s) without anomalies

