RNG_test using PractRand version 0.95
RNG = RNG_stdin32, seed = unknown
test set = core, folding = standard (32 bit)

rng=RNG_stdin32, seed=unknown
length= 1 gigabyte (2^30 bytes), time= 8.0 seconds
  no anomalies in 194 test result(s)

rng=RNG_stdin32, seed=unknown
length= 2 gigabytes (2^31 bytes), time= 17.0 seconds
  no anomalies in 205 test result(s)

rng=RNG_stdin32, seed=unknown
length= 4 gigabytes (2^32 bytes), time= 34.0 seconds
  no anomalies in 217 test result(s)

rng=RNG_stdin32, seed=unknown
length= 8 gigabytes (2^33 bytes), time= 67.9 seconds
  no anomalies in 230 test result(s)

rng=RNG_stdin32, seed=unknown
length= 16 gigabytes (2^34 bytes), time= 136 seconds
  Test Name                         Raw       Processed     Evaluation
  BCFN(2+0,13-0,T)                  R=  +7.7  p =  1.2e-3   unusual          
  ...and 239 test result(s) without anomalies

rng=RNG_stdin32, seed=unknown
length= 32 gigabytes (2^35 bytes), time= 271 seconds
  no anomalies in 251 test result(s)

