RNG_test using PractRand version 0.95
RNG = RNG_stdin32, seed = unknown
test set = core, folding = standard (32 bit)

rng=RNG_stdin32, seed=unknown
length= 1 gigabyte (2^30 bytes), time= 8.2 seconds
  no anomalies in 194 test result(s)

rng=RNG_stdin32, seed=unknown
length= 2 gigabytes (2^31 bytes), time= 17.3 seconds
  Test Name                         Raw       Processed     Evaluation
  [Low1/32]DC6-9x1Bytes-1           R=  -4.4  p =1-3.2e-3   unusual          
  ...and 204 test result(s) without anomalies

rng=RNG_stdin32, seed=unknown
length= 4 gigabytes (2^32 bytes), time= 35.5 seconds
  no anomalies in 217 test result(s)

rng=RNG_stdin32, seed=unknown
length= 8 gigabytes (2^33 bytes), time= 71.4 seconds
  no anomalies in 230 test result(s)

rng=RNG_stdin32, seed=unknown
length= 16 gigabytes (2^34 bytes), time= 142 seconds
  Test Name                         Raw       Processed     Evaluation
  BCFN(2+0,13-0,T)                  R=  +7.9  p =  9.0e-4   unusual          
  Gap-16:B                          R=  -4.6  p =1-7.3e-4   unusual          
  ...and 238 test result(s) without anomalies

rng=RNG_stdin32, seed=unknown
length= 32 gigabytes (2^35 bytes), time= 282 seconds
  Test Name                         Raw       Processed     Evaluation
  BCFN(2+0,13-0,T)                  R= +13.4  p =  1.0e-6   very suspicious  
  Gap-16:B                          R=  -4.8  p =1-5.8e-4   unusual          
  ...and 249 test result(s) without anomalies

