RNG_test using PractRand version 0.95
RNG = RNG_stdin32, seed = unknown
test set = core, folding = standard (32 bit)

rng=RNG_stdin32, seed=unknown
length= 1 gigabyte (2^30 bytes), time= 8.5 seconds
  no anomalies in 194 test result(s)

rng=RNG_stdin32, seed=unknown
length= 2 gigabytes (2^31 bytes), time= 18.0 seconds
  no anomalies in 205 test result(s)

rng=RNG_stdin32, seed=unknown
length= 4 gigabytes (2^32 bytes), time= 36.1 seconds
  no anomalies in 217 test result(s)

rng=RNG_stdin32, seed=unknown
length= 8 gigabytes (2^33 bytes), time= 71.4 seconds
  no anomalies in 230 test result(s)

rng=RNG_stdin32, seed=unknown
length= 16 gigabytes (2^34 bytes), time= 143 seconds
  no anomalies in 240 test result(s)

rng=RNG_stdin32, seed=unknown
length= 32 gigabytes (2^35 bytes), time= 280 seconds
  Test Name                         Raw       Processed     Evaluation
  [Low1/32]TMFn(2+3):wl             R= +18.8  p~=   2e-5    unusual          
  ...and 250 test result(s) without anomalies

