N 1 addr_seconds 0.000000 addr_ns_per_word 44.995 philox_seconds 0.000000 philox_ns_per_word 29.977 trials 200 checksum 0
N 2 addr_seconds 0.000000 addr_ns_per_word 21.988 philox_seconds 0.000000 philox_ns_per_word 14.988 trials 200 checksum 0
N 4 addr_seconds 0.000000 addr_ns_per_word 11.743 philox_seconds 0.000000 philox_ns_per_word 7.494 trials 200 checksum 0
N 8 addr_seconds 0.000000 addr_ns_per_word 6.872 philox_seconds 0.000000 philox_ns_per_word 5.250 trials 200 checksum 0
N 16 addr_seconds 0.000000 addr_ns_per_word 4.500 philox_seconds 0.000000 philox_ns_per_word 3.938 trials 200 checksum 0
N 24 addr_seconds 0.000000 addr_ns_per_word 3.708 philox_seconds 0.000000 philox_ns_per_word 3.667 trials 200 checksum 0
N 32 addr_seconds 0.000000 addr_ns_per_word 3.312 philox_seconds 0.000000 philox_ns_per_word 3.406 trials 200 checksum 0
N 48 addr_seconds 0.000000 addr_ns_per_word 2.916 philox_seconds 0.000000 philox_ns_per_word 3.292 trials 200 checksum 0
N 64 addr_seconds 0.000000 addr_ns_per_word 2.688 philox_seconds 0.000000 philox_ns_per_word 3.219 trials 200 checksum 0
N 80 addr_seconds 0.000000 addr_ns_per_word 2.575 philox_seconds 0.000000 philox_ns_per_word 3.162 trials 200 checksum 0
N 96 addr_seconds 0.000000 addr_ns_per_word 2.510 philox_seconds 0.000000 philox_ns_per_word 3.021 trials 200 checksum 0
N 128 addr_seconds 0.000000 addr_ns_per_word 2.320 philox_seconds 0.000000 philox_ns_per_word 2.961 trials 200 checksum 0
N 192 addr_seconds 0.000000 addr_ns_per_word 2.271 philox_seconds 0.000001 philox_ns_per_word 2.958 trials 200 checksum 0
N 256 addr_seconds 0.000001 addr_ns_per_word 2.215 philox_seconds 0.000001 philox_ns_per_word 2.922 trials 200 checksum 0
N 512 addr_seconds 0.000001 addr_ns_per_word 2.318 philox_seconds 0.000002 philox_ns_per_word 2.994 trials 200 checksum 0
N 1024 addr_seconds 0.000002 addr_ns_per_word 2.312 philox_seconds 0.000003 philox_ns_per_word 2.974 trials 30 checksum 0
N 4096 addr_seconds 0.000010 addr_ns_per_word 2.344 philox_seconds 0.000012 philox_ns_per_word 2.971 trials 30 checksum 0
N 65536 addr_seconds 0.000154 addr_ns_per_word 2.356 philox_seconds 0.000190 philox_ns_per_word 2.900 trials 30 checksum 0
N 1000000 addr_seconds 0.002336 addr_ns_per_word 2.336 philox_seconds 0.002956 philox_ns_per_word 2.956 trials 5 checksum 1517915877
N 10000000 addr_seconds 0.026975 addr_ns_per_word 2.698 philox_seconds 0.031480 philox_ns_per_word 3.148 trials 1 checksum 2678149191
N 100000000 addr_seconds 0.265981 addr_ns_per_word 2.660 philox_seconds 0.304591 philox_ns_per_word 3.046 trials 1 checksum 1690636298
