RNG_test using PractRand version 0.95
RNG = RNG_stdin32, seed = unknown
test set = core, folding = standard (32 bit)


rng=RNG_stdin32, seed=unknown
length= 256 megabytes (2^28 bytes), time= 4.1 seconds
  no anomalies in 168 test result(s)


rng=RNG_stdin32, seed=unknown
length= 512 megabytes (2^29 bytes), time= 9.5 seconds
  no anomalies in 180 test result(s)


rng=RNG_stdin32, seed=unknown
length= 1 gigabyte (2^30 bytes), time= 20.5 seconds
  no anomalies in 194 test result(s)


rng=RNG_stdin32, seed=unknown
length= 2 gigabytes (2^31 bytes), time= 36.5 seconds
  Test Name                         Raw       Processed     Evaluation
  BCFN(2+2,13-1,T)                  R=  -7.8  p =1-3.8e-4   unusual          
  ...and 204 test result(s) without anomalies


rng=RNG_stdin32, seed=unknown
length= 4 gigabytes (2^32 bytes), time= 65.6 seconds
  no anomalies in 217 test result(s)


rng=RNG_stdin32, seed=unknown
length= 8 gigabytes (2^33 bytes), time= 127 seconds
  no anomalies in 230 test result(s)


rng=RNG_stdin32, seed=unknown
length= 16 gigabytes (2^34 bytes), time= 252 seconds
  no anomalies in 240 test result(s)


