RNG_test using PractRand version 0.95
RNG = RNG_stdin32, seed = unknown
test set = core, folding = standard (32 bit)


rng=RNG_stdin32, seed=unknown
length= 256 megabytes (2^28 bytes), time= 5.4 seconds
  no anomalies in 168 test result(s)


rng=RNG_stdin32, seed=unknown
length= 512 megabytes (2^29 bytes), time= 11.6 seconds
  no anomalies in 180 test result(s)


rng=RNG_stdin32, seed=unknown
length= 1 gigabyte (2^30 bytes), time= 22.2 seconds
  no anomalies in 194 test result(s)


rng=RNG_stdin32, seed=unknown
length= 2 gigabytes (2^31 bytes), time= 44.3 seconds
  Test Name                         Raw       Processed     Evaluation
  BCFN(2+9,13-5,T)                  R= +17.4  p =  5.2e-7   mildly suspicious
  ...and 204 test result(s) without anomalies


rng=RNG_stdin32, seed=unknown
length= 4 gigabytes (2^32 bytes), time= 83.4 seconds
  Test Name                         Raw       Processed     Evaluation
  BCFN(2+9,13-4,T)                  R= +14.9  p =  1.9e-6   mildly suspicious
  BCFN(2+10,13-5,T)                 R= +15.3  p =  3.5e-6   unusual          
  ...and 215 test result(s) without anomalies


rng=RNG_stdin32, seed=unknown
length= 8 gigabytes (2^33 bytes), time= 162 seconds
  Test Name                         Raw       Processed     Evaluation
  BCFN(2+7,13-2,T)                  R= +10.5  p =  5.5e-5   unusual          
  BCFN(2+8,13-3,T)                  R= +18.4  p =  1.7e-8   very suspicious  
  BCFN(2+9,13-3,T)                  R= +22.8  p =  1.3e-10   VERY SUSPICIOUS 
  BCFN(2+10,13-4,T)                 R= +27.3  p =  7.0e-12   VERY SUSPICIOUS 
  BCFN(2+11,13-5,T)                 R= +24.6  p =  8.2e-10  very suspicious  
  BCFN(2+12,13-5,T)                 R= +26.0  p =  2.3e-10  very suspicious  
  BCFN(2+13,13-6,T)                 R= +32.3  p =  1.6e-11   VERY SUSPICIOUS 
  BCFN(2+14,13-6,T)                 R= +31.2  p =  4.2e-11   VERY SUSPICIOUS 
  BCFN(2+15,13-7,T)                 R= +26.7  p =  1.1e-8   suspicious       
  BCFN(2+16,13-8,T)                 R= +47.4  p =  5.6e-13   VERY SUSPICIOUS 
  BCFN(2+17,13-8,T)                 R= +46.5  p =  9.7e-13   VERY SUSPICIOUS 
  BCFN(2+18,13-9,T)                 R= +64.4  p =  1.3e-15    FAIL           
  BCFN(2+19,13-9,T)                 R= +72.5  p =  2.0e-17    FAIL           
  ...and 217 test result(s) without anomalies



[EARLY KILL after 8 gigabytes (2^33 bytes): hard FAIL detected]
