RNG_test using PractRand version 0.95
RNG = RNG_stdin32, seed = unknown
test set = core, folding = standard (32 bit)


rng=RNG_stdin32, seed=unknown
length= 256 megabytes (2^28 bytes), time= 5.4 seconds
  no anomalies in 168 test result(s)


rng=RNG_stdin32, seed=unknown
length= 512 megabytes (2^29 bytes), time= 12.1 seconds
  no anomalies in 180 test result(s)


rng=RNG_stdin32, seed=unknown
length= 1 gigabyte (2^30 bytes), time= 23.2 seconds
  no anomalies in 194 test result(s)


rng=RNG_stdin32, seed=unknown
length= 2 gigabytes (2^31 bytes), time= 47.8 seconds
  no anomalies in 205 test result(s)


rng=RNG_stdin32, seed=unknown
length= 4 gigabytes (2^32 bytes), time= 93.7 seconds
  Test Name                         Raw       Processed     Evaluation
  [Low1/32]BCFN(2+1,13-3,T)         R=  -7.8  p =1-2.0e-4   unusual          
  ...and 216 test result(s) without anomalies


rng=RNG_stdin32, seed=unknown
length= 8 gigabytes (2^33 bytes), time= 184 seconds
  Test Name                         Raw       Processed     Evaluation
  [Low1/32]BCFN(2+1,13-2,T)         R=  -8.6  p =1-7.9e-5   mildly suspicious
  [Low1/32]DC6-9x1Bytes-1           R=  +5.8  p =  4.5e-3   unusual          
  ...and 228 test result(s) without anomalies


rng=RNG_stdin32, seed=unknown
length= 16 gigabytes (2^34 bytes), time= 365 seconds
  no anomalies in 240 test result(s)


