RNG_test using PractRand version 0.95
RNG = RNG_stdin32, seed = unknown
test set = core, folding = standard (32 bit)


rng=RNG_stdin32, seed=unknown
length= 256 megabytes (2^28 bytes), time= 5.6 seconds
  no anomalies in 168 test result(s)


rng=RNG_stdin32, seed=unknown
length= 512 megabytes (2^29 bytes), time= 11.7 seconds
  no anomalies in 180 test result(s)


rng=RNG_stdin32, seed=unknown
length= 1 gigabyte (2^30 bytes), time= 21.9 seconds
  no anomalies in 194 test result(s)


rng=RNG_stdin32, seed=unknown
length= 2 gigabytes (2^31 bytes), time= 40.6 seconds
  no anomalies in 205 test result(s)


rng=RNG_stdin32, seed=unknown
length= 4 gigabytes (2^32 bytes), time= 82.4 seconds
  Test Name                         Raw       Processed     Evaluation
  DC6-9x1Bytes-1                    R=  +6.8  p =  1.2e-3   unusual          
  ...and 216 test result(s) without anomalies


rng=RNG_stdin32, seed=unknown
length= 8 gigabytes (2^33 bytes), time= 162 seconds
  no anomalies in 230 test result(s)


rng=RNG_stdin32, seed=unknown
length= 16 gigabytes (2^34 bytes), time= 310 seconds
  no anomalies in 240 test result(s)


