=== -d 0 ===
=======================#
   rng_name    |rands/second|   Seed   |
stdin_input_raw|  9.23e+07  |3973425345|
#=============================================================================#
        test_name   |ntup| tsamples |psamples|  p-value |Assessment
#=============================================================================#
   diehard_birthdays|   0|       100|     100|0.24571194|  PASSED
=== -d 1 ===
=======================#
   rng_name    |rands/second|   Seed   |
stdin_input_raw|  9.78e+07  |1180284521|
#=============================================================================#
        test_name   |ntup| tsamples |psamples|  p-value |Assessment
#=============================================================================#
      diehard_operm5|   0|   1000000|     100|0.30979081|  PASSED
=== -d 2 ===
=======================#
   rng_name    |rands/second|   Seed   |
stdin_input_raw|  8.74e+07  |1350453173|
#=============================================================================#
        test_name   |ntup| tsamples |psamples|  p-value |Assessment
#=============================================================================#
  diehard_rank_32x32|   0|     40000|     100|0.76429018|  PASSED
=== -d 3 ===
=======================#
   rng_name    |rands/second|   Seed   |
stdin_input_raw|  9.32e+07  |4055103915|
#=============================================================================#
        test_name   |ntup| tsamples |psamples|  p-value |Assessment
#=============================================================================#
    diehard_rank_6x8|   0|    100000|     100|0.56444946|  PASSED
=== -d 4 ===
=======================#
   rng_name    |rands/second|   Seed   |
stdin_input_raw|  8.07e+07  |2618446189|
#=============================================================================#
        test_name   |ntup| tsamples |psamples|  p-value |Assessment
#=============================================================================#
   diehard_bitstream|   0|   2097152|     100|0.90102643|  PASSED
=== -d 8 ===
=======================#
   rng_name    |rands/second|   Seed   |
stdin_input_raw|  9.08e+07  |3827899708|
#=============================================================================#
        test_name   |ntup| tsamples |psamples|  p-value |Assessment
#=============================================================================#
diehard_count_1s_str|   0|    256000|     100|0.96775258|  PASSED
=== -d 9 ===
=======================#
   rng_name    |rands/second|   Seed   |
stdin_input_raw|  9.30e+07  |2951002547|
#=============================================================================#
        test_name   |ntup| tsamples |psamples|  p-value |Assessment
#=============================================================================#
diehard_count_1s_byt|   0|    256000|     100|0.03959817|  PASSED
=== -d 10 ===
=======================#
   rng_name    |rands/second|   Seed   |
stdin_input_raw|  7.31e+07  |1703605277|
#=============================================================================#
        test_name   |ntup| tsamples |psamples|  p-value |Assessment
#=============================================================================#
 diehard_parking_lot|   0|     12000|     100|0.26273081|  PASSED
=== -d 11 ===
=======================#
   rng_name    |rands/second|   Seed   |
stdin_input_raw|  8.94e+07  | 600112255|
#=============================================================================#
        test_name   |ntup| tsamples |psamples|  p-value |Assessment
#=============================================================================#
    diehard_2dsphere|   2|      8000|     100|0.73501780|  PASSED
=== -d 12 ===
=======================#
   rng_name    |rands/second|   Seed   |
stdin_input_raw|  9.04e+07  |3909063541|
#=============================================================================#
        test_name   |ntup| tsamples |psamples|  p-value |Assessment
#=============================================================================#
    diehard_3dsphere|   3|      4000|     100|0.14561589|  PASSED
=== -d 13 ===
=======================#
   rng_name    |rands/second|   Seed   |
stdin_input_raw|  9.01e+07  |3037708015|
#=============================================================================#
        test_name   |ntup| tsamples |psamples|  p-value |Assessment
#=============================================================================#
     diehard_squeeze|   0|    100000|     100|0.14225051|  PASSED
=== -d 15 ===
din_input_raw|  6.52e+07  |3232595188|
#=============================================================================#
        test_name   |ntup| tsamples |psamples|  p-value |Assessment
#=============================================================================#
        diehard_runs|   0|    100000|     100|0.88671573|  PASSED  
        diehard_runs|   0|    100000|     100|0.75035670|  PASSED
=== -d 16 ===
din_input_raw|  8.21e+07  | 435728814|
#=============================================================================#
        test_name   |ntup| tsamples |psamples|  p-value |Assessment
#=============================================================================#
       diehard_craps|   0|    200000|     100|0.41024656|  PASSED  
       diehard_craps|   0|    200000|     100|0.35696573|  PASSED
=== -d 17 ===
din_input_raw|  8.45e+07  |2737030798|
#=============================================================================#
        test_name   |ntup| tsamples |psamples|  p-value |Assessment
#=============================================================================#
 marsaglia_tsang_gcd|   0|  10000000|     100|0.38249994|  PASSED  
 marsaglia_tsang_gcd|   0|  10000000|     100|0.77417675|  PASSED
=== -d 100 ===
=======================#
   rng_name    |rands/second|   Seed   |
stdin_input_raw|  6.94e+07  | 897694980|
#=============================================================================#
        test_name   |ntup| tsamples |psamples|  p-value |Assessment
#=============================================================================#
         sts_monobit|   1|    100000|     100|0.83733917|  PASSED
=== -d 101 ===
=======================#
   rng_name    |rands/second|   Seed   |
stdin_input_raw|  6.75e+07  |1473007006|
#=============================================================================#
        test_name   |ntup| tsamples |psamples|  p-value |Assessment
#=============================================================================#
            sts_runs|   2|    100000|     100|0.77761131|  PASSED
=== -d 102 ===
     sts_serial|  14|    100000|     100|0.74587922|  PASSED  
          sts_serial|  14|    100000|     100|0.85519401|  PASSED  
          sts_serial|  15|    100000|     100|0.75074700|  PASSED  
          sts_serial|  15|    100000|     100|0.73759392|  PASSED  
          sts_serial|  16|    100000|     100|0.10686546|  PASSED  
          sts_serial|  16|    100000|     100|0.25875263|  PASSED
=== -d 200 ===

=== -d 201 ===
=======================#
   rng_name    |rands/second|   Seed   |
stdin_input_raw|  6.58e+07  |2515619275|
#=============================================================================#
        test_name   |ntup| tsamples |psamples|  p-value |Assessment
#=============================================================================#
rgb_minimum_distance|   5|     10000|    1000|0.21924608|  PASSED
=== -d 202 ===
=======================#
   rng_name    |rands/second|   Seed   |
stdin_input_raw|  6.45e+07  |1637762166|
#=============================================================================#
        test_name   |ntup| tsamples |psamples|  p-value |Assessment
#=============================================================================#
    rgb_permutations|   5|    100000|     100|0.33135651|  PASSED
=== -d 203 ===
=======================#
   rng_name    |rands/second|   Seed   |
stdin_input_raw|  4.94e+07  |1596508742|
#=============================================================================#
        test_name   |ntup| tsamples |psamples|  p-value |Assessment
#=============================================================================#
      rgb_lagged_sum|   0|   1000000|     100|0.96769246|  PASSED
=== -d 204 ===
=======================#
   rng_name    |rands/second|   Seed   |
stdin_input_raw|  3.40e+07  |3222612872|
#=============================================================================#
        test_name   |ntup| tsamples |psamples|  p-value |Assessment
#=============================================================================#
     rgb_kstest_test|   0|     10000|    1000|0.51078576|  PASSED
=== -d 205 ===
=======================#
   rng_name    |rands/second|   Seed   |
stdin_input_raw|  3.62e+07  |3980403119|
#=============================================================================#
        test_name   |ntup| tsamples |psamples|  p-value |Assessment
#=============================================================================#
     dab_bytedistrib|   0|  51200000|       1|0.74558780|  PASSED
=== -d 206 ===
=======================#
   rng_name    |rands/second|   Seed   |
stdin_input_raw|  3.68e+07  |2239378338|
#=============================================================================#
        test_name   |ntup| tsamples |psamples|  p-value |Assessment
#=============================================================================#
             dab_dct| 256|     50000|       1|0.02776321|  PASSED
=== -d 207 ===
din_input_raw|  3.69e+07  |1258951748|
#=============================================================================#
        test_name   |ntup| tsamples |psamples|  p-value |Assessment
#=============================================================================#
        dab_filltree|  32|  15000000|       1|0.68357743|  PASSED  
        dab_filltree|  32|  15000000|       1|0.06474890|  PASSED
=== -d 208 ===
din_input_raw|  3.71e+07  | 158699843|
#=============================================================================#
        test_name   |ntup| tsamples |psamples|  p-value |Assessment
#=============================================================================#
       dab_filltree2|   0|   5000000|       1|0.16957331|  PASSED  
       dab_filltree2|   1|   5000000|       1|0.52632785|  PASSED
=== -d 209 ===
=======================#
   rng_name    |rands/second|   Seed   |
stdin_input_raw|  3.67e+07  | 949619726|
#=============================================================================#
        test_name   |ntup| tsamples |psamples|  p-value |Assessment
#=============================================================================#
        dab_monobit2|  12|  65000000|       1|0.69490910|  PASSED

=== summary for ra_core_singleblock_multikey ===
26/27 test invocations show PASSED, 1 contain a WEAK sub-result, 0 show FAILED
Raw output: /home/zep/Documents/research/ra_prng/experiments/2026-9-1_family-productionization/dieharder_ra_core_singleblock_multikey_piped.txt
