RNG_test using PractRand version 0.95
RNG = RNG_stdin32, seed = unknown
test set = core, folding = standard (32 bit)

rng=RNG_stdin32, seed=unknown
length= 1 gigabyte (2^30 bytes), time= 9.5 seconds
  Test Name                         Raw       Processed     Evaluation
  BCFN(2+0,13-1,T)                  R= +10.9  p =  2.5e-5   mildly suspicious
  ...and 193 test result(s) without anomalies

rng=RNG_stdin32, seed=unknown
length= 2 gigabytes (2^31 bytes), time= 19.4 seconds
  Test Name                         Raw       Processed     Evaluation
  BCFN(2+0,13-0,T)                  R= +19.2  p =  8.2e-10   VERY SUSPICIOUS 
  ...and 204 test result(s) without anomalies

rng=RNG_stdin32, seed=unknown
length= 4 gigabytes (2^32 bytes), time= 39.0 seconds
  Test Name                         Raw       Processed     Evaluation
  BCFN(2+0,13-0,T)                  R= +44.1  p =  4.1e-23    FAIL !!        
  BCFN(2+1,13-0,T)                  R= +16.5  p =  2.4e-8   very suspicious  
  [Low8/32]DC6-9x1Bytes-1           R=  -4.5  p =1-3.7e-3   unusual          
  ...and 214 test result(s) without anomalies

