=== original_permute ===
Generated 200000000 pseudorandom updates across threads in 1.858 seconds
Last cons from RNGing: 4074910095
Generated 200000000 pseudorandom updates across threads in 1.757 seconds
Last cons from RNGing: 4074910095
Generated 200000000 pseudorandom updates across threads in 1.760 seconds
Last cons from RNGing: 4074910095
Generated 200000000 pseudorandom updates across threads in 1.755 seconds
Last cons from RNGing: 4074910095
Generated 200000000 pseudorandom updates across threads in 1.872 seconds
Last cons from RNGing: 4074910095

 Performance counter stats for './original_permute' (5 runs):

    14,898,168,176      instructions:u                                                          ( +-  0.00% )
     4,988,895,179      cycles:u                                                                ( +-  0.57% )

       1.801083571 +- 0.026559087 seconds time elapsed  ( +-  1.47% )

=== original_inject ===
Generated 200000000 pseudorandom updates across threads in 1.729 seconds
Last cons from RNGing: 856773676
Generated 200000000 pseudorandom updates across threads in 1.725 seconds
Last cons from RNGing: 856773676
Generated 200000000 pseudorandom updates across threads in 1.755 seconds
Last cons from RNGing: 856773676
Generated 200000000 pseudorandom updates across threads in 1.751 seconds
Last cons from RNGing: 856773676
Generated 200000000 pseudorandom updates across threads in 1.729 seconds
Last cons from RNGing: 856773676

 Performance counter stats for './original_inject' (5 runs):

    14,697,383,675      instructions:u                                                          ( +-  0.00% )
     4,840,590,650      cycles:u                                                                ( +-  0.26% )

       1.738991104 +- 0.006168058 seconds time elapsed  ( +-  0.35% )

=== original_overwrite ===
Generated 200000000 pseudorandom updates across threads in 1.733 seconds
Last cons from RNGing: 2506060519
Generated 200000000 pseudorandom updates across threads in 1.714 seconds
Last cons from RNGing: 2506060519
Generated 200000000 pseudorandom updates across threads in 1.723 seconds
Last cons from RNGing: 2506060519
Generated 200000000 pseudorandom updates across threads in 1.731 seconds
Last cons from RNGing: 2506060519
Generated 200000000 pseudorandom updates across threads in 1.704 seconds
Last cons from RNGing: 2506060519

 Performance counter stats for './original_overwrite' (5 runs):

    14,299,736,436      instructions:u                                                          ( +-  0.00% )
     4,773,715,766      cycles:u                                                                ( +-  0.32% )

       1.722313898 +- 0.005340032 seconds time elapsed  ( +-  0.31% )

=== winner_permute ===
Generated 200000000 pseudorandom updates in 0.737 seconds
Last cons from RNGing: 4066440045
Generated 200000000 pseudorandom updates in 0.766 seconds
Last cons from RNGing: 4066440045
Generated 200000000 pseudorandom updates in 0.745 seconds
Last cons from RNGing: 4066440045
Generated 200000000 pseudorandom updates in 0.751 seconds
Last cons from RNGing: 4066440045
Generated 200000000 pseudorandom updates in 0.783 seconds
Last cons from RNGing: 4066440045

 Performance counter stats for './winner_permute' (5 runs):

     6,053,460,213      instructions:u                                                          ( +-  0.00% )
     2,068,220,751      cycles:u                                                                ( +-  0.41% )

       0.757047588 +- 0.008315990 seconds time elapsed  ( +-  1.10% )

=== winner_inject ===
Generated 200000000 pseudorandom updates in 0.697 seconds
Last cons from RNGing: 856644953
Generated 200000000 pseudorandom updates in 0.702 seconds
Last cons from RNGing: 856644953
Generated 200000000 pseudorandom updates in 0.686 seconds
Last cons from RNGing: 856644953
Generated 200000000 pseudorandom updates in 0.705 seconds
Last cons from RNGing: 856644953
Generated 200000000 pseudorandom updates in 0.717 seconds
Last cons from RNGing: 856644953

 Performance counter stats for './winner_inject' (5 runs):

     5,853,460,057      instructions:u                                                          ( +-  0.00% )
     1,917,239,026      cycles:u                                                                ( +-  0.49% )

       0.702094033 +- 0.005231579 seconds time elapsed  ( +-  0.75% )

=== winner_overwrite ===
Generated 200000000 pseudorandom updates in 0.679 seconds
Last cons from RNGing: 656619419
Generated 200000000 pseudorandom updates in 0.687 seconds
Last cons from RNGing: 656619419
Generated 200000000 pseudorandom updates in 0.666 seconds
Last cons from RNGing: 656619419
Generated 200000000 pseudorandom updates in 0.667 seconds
Last cons from RNGing: 656619419
Generated 200000000 pseudorandom updates in 0.667 seconds
Last cons from RNGing: 656619419

 Performance counter stats for './winner_overwrite' (5 runs):

     5,452,675,650      instructions:u                                                          ( +-  0.00% )
     1,858,650,366      cycles:u                                                                ( +-  0.22% )

       0.674384297 +- 0.004202809 seconds time elapsed  ( +-  0.62% )

