RNG_test using PractRand version 0.95
RNG = RNG_stdin32, seed = unknown
test set = core, folding = standard (32 bit)


rng=RNG_stdin32, seed=unknown
length= 256 megabytes (2^28 bytes), time= 5.9 seconds
  Test Name                         Raw       Processed     Evaluation
  [Low1/32]BCFN(2+0,13-5,T)         R= +11.2  p =  1.5e-4   unusual          
  [Low1/32]BCFN(2+1,13-5,T)         R=  +9.1  p =  9.3e-4   unusual          
  [Low1/32]BCFN(2+2,13-6,T)         R= +14.8  p =  1.6e-5   mildly suspicious
  [Low1/32]Gap-16:A                 R=  +6.4  p =  8.1e-5   mildly suspicious
  ...and 164 test result(s) without anomalies


rng=RNG_stdin32, seed=unknown
length= 512 megabytes (2^29 bytes), time= 13.8 seconds
  Test Name                         Raw       Processed     Evaluation
  [Low8/32]Gap-16:A                 R=  +6.7  p =  3.4e-5   mildly suspicious
  [Low1/32]BCFN(2+0,13-5,T)         R= +14.7  p =  5.9e-6   suspicious       
  [Low1/32]BCFN(2+1,13-5,T)         R= +26.4  p =  1.5e-10   VERY SUSPICIOUS 
  [Low1/32]BCFN(2+2,13-5,T)         R= +26.0  p =  2.2e-10   VERY SUSPICIOUS 
  [Low1/32]Gap-16:A                 R= +13.4  p =  3.8e-10   VERY SUSPICIOUS 
  ...and 175 test result(s) without anomalies


rng=RNG_stdin32, seed=unknown
length= 1 gigabyte (2^30 bytes), time= 26.8 seconds
  Test Name                         Raw       Processed     Evaluation
  FPF-14+6/16:(0,14-0)              R=  +6.6  p =  1.1e-5   unusual          
  [Low8/32]Gap-16:A                 R=  +6.7  p =  4.5e-5   mildly suspicious
  [Low1/32]BCFN(2+0,13-4,T)         R= +22.0  p =  1.5e-9    VERY SUSPICIOUS 
  [Low1/32]BCFN(2+1,13-4,T)         R= +39.0  p =  5.4e-17    FAIL !         
  [Low1/32]BCFN(2+2,13-5,T)         R= +61.2  p =  3.8e-24    FAIL !!        
  [Low1/32]BCFN(2+3,13-5,T)         R= +11.8  p =  8.5e-5   unusual          
  [Low1/32]Gap-16:A                 R= +22.9  p =  2.3e-18    FAIL !         
  ...and 187 test result(s) without anomalies



[EARLY KILL after 1 gigabyte (2^30 bytes): hard FAIL detected]
