RNG_test using PractRand version 0.95
RNG = RNG_stdin32, seed = unknown
test set = core, folding = standard (32 bit)


rng=RNG_stdin32, seed=unknown
length= 256 megabytes (2^28 bytes), time= 5.7 seconds
  no anomalies in 168 test result(s)


rng=RNG_stdin32, seed=unknown
length= 512 megabytes (2^29 bytes), time= 12.0 seconds
  no anomalies in 180 test result(s)


rng=RNG_stdin32, seed=unknown
length= 1 gigabyte (2^30 bytes), time= 21.8 seconds
  no anomalies in 194 test result(s)


rng=RNG_stdin32, seed=unknown
length= 2 gigabytes (2^31 bytes), time= 39.5 seconds
  Test Name                         Raw       Processed     Evaluation
  [Low1/32]BCFN(2+1,13-3,T)         R= +11.2  p =  4.3e-5   mildly suspicious
  [Low1/32]BCFN(2+3,13-4,T)         R= +11.8  p =  4.3e-5   unusual          
  [Low1/32]Gap-16:A                 R=  +5.9  p =  1.6e-4   unusual          
  [Low1/32]Gap-16:B                 R=  +4.9  p =  4.4e-4   unusual          
  ...and 201 test result(s) without anomalies


rng=RNG_stdin32, seed=unknown
length= 4 gigabytes (2^32 bytes), time= 77.6 seconds
  Test Name                         Raw       Processed     Evaluation
  [Low8/32]FPF-14+6/16:all          R=  +6.8  p =  6.9e-6   suspicious       
  [Low1/32]BCFN(2+1,13-3,T)         R= +10.3  p =  1.1e-4   unusual          
  [Low1/32]BCFN(2+2,13-3,T)         R= +12.9  p =  7.0e-6   suspicious       
  [Low1/32]BCFN(2+3,13-3,T)         R= +18.3  p =  1.9e-8   very suspicious  
  [Low1/32]BCFN(2+4,13-4,T)         R= +13.3  p =  9.8e-6   mildly suspicious
  [Low1/32]Gap-16:A                 R= +10.5  p =  1.8e-8   very suspicious  
  [Low1/32]Gap-16:B                 R=  +9.7  p =  9.3e-8   very suspicious  
  ...and 210 test result(s) without anomalies



[EARLY KILL after 4 gigabytes (2^32 bytes): hard FAIL detected]
