RNG_test using PractRand version 0.95
RNG = RNG_stdin32, seed = unknown
test set = core, folding = standard (32 bit)


rng=RNG_stdin32, seed=unknown
length= 256 megabytes (2^28 bytes), time= 4.7 seconds
  no anomalies in 168 test result(s)


rng=RNG_stdin32, seed=unknown
length= 512 megabytes (2^29 bytes), time= 10.6 seconds
  no anomalies in 180 test result(s)


rng=RNG_stdin32, seed=unknown
length= 1 gigabyte (2^30 bytes), time= 20.7 seconds
  no anomalies in 194 test result(s)


rng=RNG_stdin32, seed=unknown
length= 2 gigabytes (2^31 bytes), time= 38.4 seconds
  Test Name                         Raw       Processed     Evaluation
  [Low8/32]FPF-14+6/16:all          R=  +5.1  p =  2.7e-4   unusual          
  [Low1/32]BCFN(2+0,13-3,T)         R=  +9.4  p =  3.0e-4   unusual          
  [Low1/32]BCFN(2+2,13-4,T)         R= +10.1  p =  2.4e-4   unusual          
  [Low1/32]BCFN(2+3,13-4,T)         R= +14.0  p =  4.8e-6   mildly suspicious
  [Low1/32]Gap-16:A                 R=  +5.0  p =  9.6e-4   unusual          
  ...and 200 test result(s) without anomalies


rng=RNG_stdin32, seed=unknown
length= 4 gigabytes (2^32 bytes), time= 78.0 seconds
  Test Name                         Raw       Processed     Evaluation
  [Low8/32]FPF-14+6/16:(5,14-0)     R=  +7.2  p =  3.1e-6   unusual          
  [Low8/32]FPF-14+6/16:all          R=  +9.9  p =  8.3e-9   very suspicious  
  [Low1/32]BCFN(2+0,13-3,T)         R= +13.9  p =  2.2e-6   suspicious       
  [Low1/32]BCFN(2+1,13-3,T)         R= +13.9  p =  2.2e-6   suspicious       
  [Low1/32]BCFN(2+2,13-3,T)         R= +22.2  p =  2.5e-10   VERY SUSPICIOUS 
  [Low1/32]BCFN(2+3,13-3,T)         R= +26.9  p =  1.5e-12    FAIL           
  [Low1/32]Gap-16:A                 R= +11.5  p =  2.6e-9    VERY SUSPICIOUS 
  [Low1/32]Gap-16:B                 R=  +5.2  p =  3.4e-4   unusual          
  ...and 209 test result(s) without anomalies



[EARLY KILL after 4 gigabytes (2^32 bytes): hard FAIL detected]
