RNG_test using PractRand version 0.95
RNG = RNG_stdin32, seed = unknown
test set = core, folding = standard (32 bit)


rng=RNG_stdin32, seed=unknown
length= 256 megabytes (2^28 bytes), time= 8.7 seconds
  no anomalies in 168 test result(s)


rng=RNG_stdin32, seed=unknown
length= 512 megabytes (2^29 bytes), time= 18.7 seconds
  Test Name                         Raw       Processed     Evaluation
  Gap-16:A                          R=  +5.1  p =  7.8e-4   unusual          
  ...and 179 test result(s) without anomalies


rng=RNG_stdin32, seed=unknown
length= 1 gigabyte (2^30 bytes), time= 34.2 seconds
  Test Name                         Raw       Processed     Evaluation
  Gap-16:A                          R=  +4.8  p =  1.2e-3   unusual          
  Gap-16:B                          R=  +4.4  p =  1.1e-3   unusual          
  ...and 192 test result(s) without anomalies


rng=RNG_stdin32, seed=unknown
length= 2 gigabytes (2^31 bytes), time= 62.5 seconds
  no anomalies in 205 test result(s)


rng=RNG_stdin32, seed=unknown
length= 4 gigabytes (2^32 bytes), time= 120 seconds
  Test Name                         Raw       Processed     Evaluation
  Gap-16:A                          R=  +6.8  p =  1.1e-4   mildly suspicious
  Gap-16:B                          R= +10.0  p =  2.0e-8   very suspicious  
  ...and 215 test result(s) without anomalies



[EARLY KILL after 4 gigabytes (2^32 bytes): hard FAIL detected]
