RNG_test using PractRand version 0.95
RNG = RNG_stdin32, seed = unknown
test set = core, folding = standard (32 bit)


rng=RNG_stdin32, seed=unknown
length= 256 megabytes (2^28 bytes), time= 6.5 seconds
  Test Name                         Raw       Processed     Evaluation
  [Low1/32]BCFN(2+2,13-6,T)         R= +14.9  p =  1.5e-5   mildly suspicious
  [Low1/32]Gap-16:A                 R=  +7.1  p =  2.1e-5   mildly suspicious
  ...and 166 test result(s) without anomalies


rng=RNG_stdin32, seed=unknown
length= 512 megabytes (2^29 bytes), time= 13.6 seconds
  Test Name                         Raw       Processed     Evaluation
  [Low1/32]BCFN(2+1,13-5,T)         R=  +9.7  p =  5.6e-4   unusual          
  [Low1/32]BCFN(2+2,13-5,T)         R= +23.1  p =  3.2e-9    VERY SUSPICIOUS 
  [Low1/32]Gap-16:A                 R= +13.0  p =  8.0e-10   VERY SUSPICIOUS 
  ...and 177 test result(s) without anomalies


rng=RNG_stdin32, seed=unknown
length= 1 gigabyte (2^30 bytes), time= 26.7 seconds
  Test Name                         Raw       Processed     Evaluation
  [Low1/32]BCFN(2+0,13-4,T)         R= +18.2  p =  6.8e-8   very suspicious  
  [Low1/32]BCFN(2+1,13-4,T)         R= +24.4  p =  1.2e-10   VERY SUSPICIOUS 
  [Low1/32]BCFN(2+2,13-5,T)         R= +50.1  p =  8.6e-20    FAIL !!        
  [Low1/32]Gap-16:A                 R= +23.1  p =  1.7e-18    FAIL !         
  ...and 190 test result(s) without anomalies



[EARLY KILL after 1 gigabyte (2^30 bytes): hard FAIL detected]
