RNG_test using PractRand version 0.95
RNG = RNG_stdin32, seed = unknown
test set = core, folding = standard (32 bit)


rng=RNG_stdin32, seed=unknown
length= 256 megabytes (2^28 bytes), time= 7.6 seconds
  no anomalies in 168 test result(s)


rng=RNG_stdin32, seed=unknown
length= 512 megabytes (2^29 bytes), time= 16.2 seconds
  no anomalies in 180 test result(s)


rng=RNG_stdin32, seed=unknown
length= 1 gigabyte (2^30 bytes), time= 31.4 seconds
  Test Name                         Raw       Processed     Evaluation
  [Low8/32]FPF-14+6/16:all          R=  -5.0  p =1-1.7e-4   unusual          
  ...and 193 test result(s) without anomalies


rng=RNG_stdin32, seed=unknown
length= 2 gigabytes (2^31 bytes), time= 63.0 seconds
  no anomalies in 205 test result(s)


rng=RNG_stdin32, seed=unknown
length= 4 gigabytes (2^32 bytes), time= 118 seconds
  no anomalies in 217 test result(s)


rng=RNG_stdin32, seed=unknown
length= 8 gigabytes (2^33 bytes), time= 230 seconds
  Test Name                         Raw       Processed     Evaluation
  [Low8/32]BCFN(2+3,13-1,T)         R=  -8.0  p =1-2.8e-4   unusual          
  ...and 229 test result(s) without anomalies


rng=RNG_stdin32, seed=unknown
length= 16 gigabytes (2^34 bytes), time= 459 seconds
  no anomalies in 240 test result(s)


