RNG_test using PractRand version 0.95
RNG = RNG_stdin32, seed = unknown
test set = core, folding = standard (32 bit)


rng=RNG_stdin32, seed=unknown
length= 256 megabytes (2^28 bytes), time= 4.6 seconds
  no anomalies in 168 test result(s)


rng=RNG_stdin32, seed=unknown
length= 512 megabytes (2^29 bytes), time= 10.9 seconds
  no anomalies in 180 test result(s)


rng=RNG_stdin32, seed=unknown
length= 1 gigabyte (2^30 bytes), time= 22.2 seconds
  no anomalies in 194 test result(s)


rng=RNG_stdin32, seed=unknown
length= 2 gigabytes (2^31 bytes), time= 41.3 seconds
  no anomalies in 205 test result(s)


rng=RNG_stdin32, seed=unknown
length= 4 gigabytes (2^32 bytes), time= 73.9 seconds
  Test Name                         Raw       Processed     Evaluation
  [Low1/32]FPF-14+6/16:cross        R=  +4.6  p =  3.4e-4   unusual          
  ...and 216 test result(s) without anomalies


rng=RNG_stdin32, seed=unknown
length= 8 gigabytes (2^33 bytes), time= 141 seconds
  Test Name                         Raw       Processed     Evaluation
  [Low1/32]FPF-14+6/16:cross        R=  +7.5  p =  1.1e-6   suspicious       
  ...and 229 test result(s) without anomalies


rng=RNG_stdin32, seed=unknown
length= 16 gigabytes (2^34 bytes), time= 278 seconds
  Test Name                         Raw       Processed     Evaluation
  [Low8/32]FPF-14+6/16:all          R=  +6.6  p =  1.1e-5   mildly suspicious
  [Low1/32]BCFN(2+2,13-2,T)         R=  +8.4  p =  6.9e-4   unusual          
  [Low1/32]BCFN(2+3,13-2,T)         R= +12.0  p =  1.0e-5   mildly suspicious
  [Low1/32]BCFN(2+4,13-3,T)         R= +18.6  p =  1.3e-8   very suspicious  
  [Low1/32]FPF-14+6/16:all          R=  +5.1  p =  2.8e-4   unusual          
  [Low1/32]FPF-14+6/16:cross        R= +13.9  p =  4.3e-12    FAIL           
  ...and 234 test result(s) without anomalies


