RNG_test using PractRand version 0.95
RNG = RNG_stdin32, seed = unknown
test set = core, folding = standard (32 bit)


rng=RNG_stdin32, seed=unknown
length= 256 megabytes (2^28 bytes), time= 4.2 seconds
  no anomalies in 168 test result(s)


rng=RNG_stdin32, seed=unknown
length= 512 megabytes (2^29 bytes), time= 9.9 seconds
  no anomalies in 180 test result(s)


rng=RNG_stdin32, seed=unknown
length= 1 gigabyte (2^30 bytes), time= 19.3 seconds
  no anomalies in 194 test result(s)


rng=RNG_stdin32, seed=unknown
length= 2 gigabytes (2^31 bytes), time= 38.0 seconds
  no anomalies in 205 test result(s)


rng=RNG_stdin32, seed=unknown
length= 4 gigabytes (2^32 bytes), time= 72.0 seconds
  no anomalies in 217 test result(s)


rng=RNG_stdin32, seed=unknown
length= 8 gigabytes (2^33 bytes), time= 138 seconds
  no anomalies in 230 test result(s)


rng=RNG_stdin32, seed=unknown
length= 16 gigabytes (2^34 bytes), time= 275 seconds
  Test Name                         Raw       Processed     Evaluation
  [Low8/32]FPF-14+6/16:(5,14-0)     R=  +6.4  p =  1.4e-5   unusual          
  [Low8/32]FPF-14+6/16:all          R=  +9.0  p =  5.9e-8   very suspicious  
  [Low1/32]FPF-14+6/16:cross        R=  +8.5  p =  1.5e-7   very suspicious  
  ...and 237 test result(s) without anomalies


