RNG_test using PractRand version 0.95
RNG = RNG_stdin32, seed = unknown
test set = core, folding = standard (32 bit)


rng=RNG_stdin32, seed=unknown
length= 256 megabytes (2^28 bytes), time= 6.0 seconds
  no anomalies in 168 test result(s)


rng=RNG_stdin32, seed=unknown
length= 512 megabytes (2^29 bytes), time= 13.1 seconds
  no anomalies in 180 test result(s)


rng=RNG_stdin32, seed=unknown
length= 1 gigabyte (2^30 bytes), time= 27.1 seconds
  no anomalies in 194 test result(s)


rng=RNG_stdin32, seed=unknown
length= 2 gigabytes (2^31 bytes), time= 49.8 seconds
  no anomalies in 205 test result(s)


rng=RNG_stdin32, seed=unknown
length= 4 gigabytes (2^32 bytes), time= 92.4 seconds
  Test Name                         Raw       Processed     Evaluation
  FPF-14+6/16:(10,14-2)             R= +24.1  p =  8.0e-21    FAIL !         
  FPF-14+6/16:(11,14-3)             R= +15.4  p =  2.9e-13    FAIL           
  FPF-14+6/16:(12,14-4)             R= +12.8  p =  2.0e-10  very suspicious  
  FPF-14+6/16:(13,14-5)             R= +11.5  p =  2.3e-9   very suspicious  
  FPF-14+6/16:all                   R=  +9.1  p =  5.6e-8   very suspicious  
  ...and 212 test result(s) without anomalies



[EARLY KILL after 4 gigabytes (2^32 bytes): hard FAIL detected]
