RNG_test using PractRand version 0.95
RNG = RNG_stdin32, seed = unknown
test set = core, folding = standard (32 bit)


rng=RNG_stdin32, seed=unknown
length= 256 megabytes (2^28 bytes), time= 6.3 seconds
  no anomalies in 168 test result(s)


rng=RNG_stdin32, seed=unknown
length= 512 megabytes (2^29 bytes), time= 13.3 seconds
  no anomalies in 180 test result(s)


rng=RNG_stdin32, seed=unknown
length= 1 gigabyte (2^30 bytes), time= 24.5 seconds
  no anomalies in 194 test result(s)


rng=RNG_stdin32, seed=unknown
length= 2 gigabytes (2^31 bytes), time= 47.0 seconds
  no anomalies in 205 test result(s)


rng=RNG_stdin32, seed=unknown
length= 4 gigabytes (2^32 bytes), time= 89.3 seconds
  Test Name                         Raw       Processed     Evaluation
  FPF-14+6/16:all                   R=  +6.3  p =  2.2e-5   mildly suspicious
  ...and 216 test result(s) without anomalies


rng=RNG_stdin32, seed=unknown
length= 8 gigabytes (2^33 bytes), time= 181 seconds
  Test Name                         Raw       Processed     Evaluation
  FPF-14+6/16:all                   R= +11.0  p =  7.9e-10   VERY SUSPICIOUS 
  ...and 229 test result(s) without anomalies


rng=RNG_stdin32, seed=unknown
length= 16 gigabytes (2^34 bytes), time= 351 seconds
  Test Name                         Raw       Processed     Evaluation
  FPF-14+6/16:(0,14-0)              R= +11.7  p =  2.0e-10  very suspicious  
  FPF-14+6/16:(1,14-0)              R= +11.1  p =  6.8e-10  very suspicious  
  FPF-14+6/16:(2,14-0)              R=  +8.1  p =  4.3e-7   mildly suspicious
  FPF-14+6/16:all                   R= +21.0  p =  3.1e-19    FAIL !         
  ...and 236 test result(s) without anomalies


