RNG_test using PractRand version 0.95
RNG = RNG_stdin32, seed = unknown
test set = core, folding = standard (32 bit)


rng=RNG_stdin32, seed=unknown
length= 256 megabytes (2^28 bytes), time= 7.0 seconds
  no anomalies in 168 test result(s)


rng=RNG_stdin32, seed=unknown
length= 512 megabytes (2^29 bytes), time= 15.0 seconds
  no anomalies in 180 test result(s)


rng=RNG_stdin32, seed=unknown
length= 1 gigabyte (2^30 bytes), time= 26.5 seconds
  no anomalies in 194 test result(s)


rng=RNG_stdin32, seed=unknown
length= 2 gigabytes (2^31 bytes), time= 49.5 seconds
  no anomalies in 205 test result(s)


rng=RNG_stdin32, seed=unknown
length= 4 gigabytes (2^32 bytes), time= 93.3 seconds
  Test Name                         Raw       Processed     Evaluation
  FPF-14+6/16:(10,14-2)             R= +27.8  p =  4.0e-24    FAIL !!        
  FPF-14+6/16:(11,14-3)             R= +17.4  p =  4.7e-15    FAIL           
  FPF-14+6/16:(12,14-4)             R= +17.9  p =  1.3e-14    FAIL           
  FPF-14+6/16:(13,14-5)             R= +11.8  p =  1.2e-9   very suspicious  
  FPF-14+6/16:all                   R= +12.1  p =  7.2e-11   VERY SUSPICIOUS 
  ...and 212 test result(s) without anomalies



[EARLY KILL after 4 gigabytes (2^32 bytes): hard FAIL detected]
