RNG_test using PractRand version 0.95
RNG = RNG_stdin32, seed = unknown
test set = core, folding = standard (32 bit)


rng=RNG_stdin32, seed=unknown
length= 256 megabytes (2^28 bytes), time= 5.5 seconds
  no anomalies in 168 test result(s)


rng=RNG_stdin32, seed=unknown
length= 512 megabytes (2^29 bytes), time= 11.0 seconds
  Test Name                         Raw       Processed     Evaluation
  [Low8/32]Gap-16:A                 R=  +5.5  p =  3.8e-4   unusual          
  ...and 179 test result(s) without anomalies


rng=RNG_stdin32, seed=unknown
length= 1 gigabyte (2^30 bytes), time= 20.6 seconds
  no anomalies in 194 test result(s)


rng=RNG_stdin32, seed=unknown
length= 2 gigabytes (2^31 bytes), time= 37.2 seconds
  no anomalies in 205 test result(s)


rng=RNG_stdin32, seed=unknown
length= 4 gigabytes (2^32 bytes), time= 69.8 seconds
  no anomalies in 217 test result(s)


rng=RNG_stdin32, seed=unknown
length= 8 gigabytes (2^33 bytes), time= 138 seconds
  no anomalies in 230 test result(s)


rng=RNG_stdin32, seed=unknown
length= 16 gigabytes (2^34 bytes), time= 267 seconds
  Test Name                         Raw       Processed     Evaluation
  FPF-14+6/16:(8,14-0)              R= +13.5  p =  4.1e-12   VERY SUSPICIOUS 
  FPF-14+6/16:(9,14-0)              R=  +8.0  p =  5.5e-7   mildly suspicious
  FPF-14+6/16:(10,14-1)             R=  +7.6  p =  1.9e-6   unusual          
  FPF-14+6/16:all                   R= +11.8  p =  1.4e-10   VERY SUSPICIOUS 
  ...and 236 test result(s) without anomalies


