RNG_test using PractRand version 0.95
RNG = RNG_stdin32, seed = unknown
test set = core, folding = standard (32 bit)


rng=RNG_stdin32, seed=unknown
length= 256 megabytes (2^28 bytes), time= 6.7 seconds
  no anomalies in 168 test result(s)


rng=RNG_stdin32, seed=unknown
length= 512 megabytes (2^29 bytes), time= 15.6 seconds
  no anomalies in 180 test result(s)


rng=RNG_stdin32, seed=unknown
length= 1 gigabyte (2^30 bytes), time= 29.9 seconds
  no anomalies in 194 test result(s)


rng=RNG_stdin32, seed=unknown
length= 2 gigabytes (2^31 bytes), time= 60.1 seconds
  Test Name                         Raw       Processed     Evaluation
  FPF-14+6/16:all                   R=  +6.2  p =  2.4e-5   mildly suspicious
  ...and 204 test result(s) without anomalies


rng=RNG_stdin32, seed=unknown
length= 4 gigabytes (2^32 bytes), time= 118 seconds
  Test Name                         Raw       Processed     Evaluation
  FPF-14+6/16:(0,14-0)              R=  +8.7  p =  1.1e-7   suspicious       
  FPF-14+6/16:(1,14-0)              R=  +7.2  p =  2.8e-6   unusual          
  FPF-14+6/16:(3,14-0)              R=  +7.1  p =  3.8e-6   unusual          
  FPF-14+6/16:all                   R= +15.4  p =  6.0e-14    FAIL           
  ...and 213 test result(s) without anomalies



[EARLY KILL after 4 gigabytes (2^32 bytes): hard FAIL detected]
