RNG_test using PractRand version 0.95
RNG = RNG_stdin32, seed = unknown
test set = core, folding = standard (32 bit)


rng=RNG_stdin32, seed=unknown
length= 256 megabytes (2^28 bytes), time= 7.7 seconds
  no anomalies in 168 test result(s)


rng=RNG_stdin32, seed=unknown
length= 512 megabytes (2^29 bytes), time= 16.1 seconds
  no anomalies in 180 test result(s)


rng=RNG_stdin32, seed=unknown
length= 1 gigabyte (2^30 bytes), time= 31.0 seconds
  no anomalies in 194 test result(s)


rng=RNG_stdin32, seed=unknown
length= 2 gigabytes (2^31 bytes), time= 61.4 seconds
  no anomalies in 205 test result(s)


rng=RNG_stdin32, seed=unknown
length= 4 gigabytes (2^32 bytes), time= 121 seconds
  no anomalies in 217 test result(s)


rng=RNG_stdin32, seed=unknown
length= 8 gigabytes (2^33 bytes), time= 230 seconds
  Test Name                         Raw       Processed     Evaluation
  FPF-14+6/16:(1,14-0)              R= +10.6  p =  2.1e-9   very suspicious  
  FPF-14+6/16:(2,14-0)              R= +12.3  p =  5.7e-11   VERY SUSPICIOUS 
  FPF-14+6/16:all                   R=  +8.8  p =  9.7e-8   very suspicious  
  [Low1/32]BCFN(2+0,13-2,T)         R= +10.5  p =  6.0e-5   mildly suspicious
  [Low1/32]BCFN(2+1,13-2,T)         R=  +8.6  p =  5.4e-4   unusual          
  [Low1/32]BCFN(2+2,13-3,T)         R= +11.6  p =  2.8e-5   mildly suspicious
  [Low1/32]BCFN(2+3,13-3,T)         R=  +9.8  p =  1.9e-4   unusual          
  ...and 223 test result(s) without anomalies



[EARLY KILL after 8 gigabytes (2^33 bytes): hard FAIL detected]
