RNG_test using PractRand version 0.95
RNG = RNG_stdin32, seed = unknown
test set = core, folding = standard (32 bit)


rng=RNG_stdin32, seed=unknown
length= 256 megabytes (2^28 bytes), time= 4.8 seconds
  no anomalies in 168 test result(s)


rng=RNG_stdin32, seed=unknown
length= 512 megabytes (2^29 bytes), time= 11.5 seconds
  no anomalies in 180 test result(s)


rng=RNG_stdin32, seed=unknown
length= 1 gigabyte (2^30 bytes), time= 21.5 seconds
  no anomalies in 194 test result(s)


rng=RNG_stdin32, seed=unknown
length= 2 gigabytes (2^31 bytes), time= 41.8 seconds
  no anomalies in 205 test result(s)


rng=RNG_stdin32, seed=unknown
length= 4 gigabytes (2^32 bytes), time= 78.4 seconds
  no anomalies in 217 test result(s)


rng=RNG_stdin32, seed=unknown
length= 8 gigabytes (2^33 bytes), time= 152 seconds
  Test Name                         Raw       Processed     Evaluation
  [Low8/32]FPF-14+6/16:all          R=  +5.7  p =  7.3e-5   unusual          
  [Low8/32]FPF-14+6/16:cross        R=  +4.2  p =  6.6e-4   unusual          
  ...and 228 test result(s) without anomalies


rng=RNG_stdin32, seed=unknown
length= 16 gigabytes (2^34 bytes), time= 301 seconds
  Test Name                         Raw       Processed     Evaluation
  [Low8/32]FPF-14+6/16:(0,14-0)     R=  +6.9  p =  5.0e-6   unusual          
  [Low8/32]FPF-14+6/16:all          R=  +6.0  p =  4.4e-5   mildly suspicious
  [Low8/32]FPF-14+6/16:cross        R=  +7.7  p =  8.5e-7   suspicious       
  [Low1/32]DC6-9x1Bytes-1           R=  +6.1  p =  2.5e-3   unusual          
  ...and 236 test result(s) without anomalies


