RNG_test using PractRand version 0.95
RNG = RNG_stdin32, seed = unknown
test set = core, folding = standard (32 bit)


rng=RNG_stdin32, seed=unknown
length= 256 megabytes (2^28 bytes), time= 7.2 seconds
  no anomalies in 168 test result(s)


rng=RNG_stdin32, seed=unknown
length= 512 megabytes (2^29 bytes), time= 14.9 seconds
  no anomalies in 180 test result(s)


rng=RNG_stdin32, seed=unknown
length= 1 gigabyte (2^30 bytes), time= 28.4 seconds
  no anomalies in 194 test result(s)


rng=RNG_stdin32, seed=unknown
length= 2 gigabytes (2^31 bytes), time= 50.3 seconds
  no anomalies in 205 test result(s)


rng=RNG_stdin32, seed=unknown
length= 4 gigabytes (2^32 bytes), time= 95.7 seconds
  no anomalies in 217 test result(s)


rng=RNG_stdin32, seed=unknown
length= 8 gigabytes (2^33 bytes), time= 185 seconds
  Test Name                         Raw       Processed     Evaluation
  FPF-14+6/16:all                   R=  +5.3  p =  1.9e-4   unusual          
  ...and 229 test result(s) without anomalies


rng=RNG_stdin32, seed=unknown
length= 16 gigabytes (2^34 bytes), time= 362 seconds
  Test Name                         Raw       Processed     Evaluation
  FPF-14+6/16:(1,14-0)              R=  +7.1  p =  3.1e-6   unusual          
  FPF-14+6/16:(2,14-0)              R=  +8.8  p =  9.9e-8   suspicious       
  FPF-14+6/16:all                   R=  +9.8  p =  1.0e-8   very suspicious  
  ...and 237 test result(s) without anomalies


