RNG_test using PractRand version 0.95
RNG = RNG_stdin32, seed = unknown
test set = core, folding = standard (32 bit)


rng=RNG_stdin32, seed=unknown
length= 256 megabytes (2^28 bytes), time= 8.6 seconds
  no anomalies in 168 test result(s)


rng=RNG_stdin32, seed=unknown
length= 512 megabytes (2^29 bytes), time= 18.6 seconds
  no anomalies in 180 test result(s)


rng=RNG_stdin32, seed=unknown
length= 1 gigabyte (2^30 bytes), time= 33.5 seconds
  no anomalies in 194 test result(s)


rng=RNG_stdin32, seed=unknown
length= 2 gigabytes (2^31 bytes), time= 62.5 seconds
  no anomalies in 205 test result(s)


rng=RNG_stdin32, seed=unknown
length= 4 gigabytes (2^32 bytes), time= 122 seconds
  Test Name                         Raw       Processed     Evaluation
  [Low8/32]Gap-16:B                 R=  +4.5  p =  8.6e-4   unusual          
  ...and 216 test result(s) without anomalies


rng=RNG_stdin32, seed=unknown
length= 8 gigabytes (2^33 bytes), time= 235 seconds
  Test Name                         Raw       Processed     Evaluation
  FPF-14+6/16:(3,14-0)              R=  +8.2  p =  3.3e-7   mildly suspicious
  FPF-14+6/16:all                   R=  +5.7  p =  8.4e-5   unusual          
  FPF-14+6/16:cross                 R=  +4.4  p =  4.9e-4   unusual          
  ...and 227 test result(s) without anomalies


rng=RNG_stdin32, seed=unknown
length= 16 gigabytes (2^34 bytes), time= 458 seconds
  Test Name                         Raw       Processed     Evaluation
  FPF-14+6/16:(2,14-0)              R= +12.3  p =  5.5e-11   VERY SUSPICIOUS 
  FPF-14+6/16:(3,14-0)              R= +11.7  p =  2.0e-10  very suspicious  
  FPF-14+6/16:all                   R= +11.4  p =  3.2e-10   VERY SUSPICIOUS 
  [Low8/32]Gap-16:B                 R=  +5.3  p =  1.8e-4   unusual          
  [Low1/32]BCFN(2+1,13-1,T)         R= +10.6  p =  3.6e-5   mildly suspicious
  [Low1/32]TMFn(2+4):wl             R= +36.4  p~=   7e-15     FAIL           
  ...and 234 test result(s) without anomalies


