RNG_test using PractRand version 0.95
RNG = RNG_stdin32, seed = unknown
test set = core, folding = standard (32 bit)


rng=RNG_stdin32, seed=unknown
length= 256 megabytes (2^28 bytes), time= 7.7 seconds
  no anomalies in 168 test result(s)


rng=RNG_stdin32, seed=unknown
length= 512 megabytes (2^29 bytes), time= 17.0 seconds
  no anomalies in 180 test result(s)


rng=RNG_stdin32, seed=unknown
length= 1 gigabyte (2^30 bytes), time= 32.6 seconds
  no anomalies in 194 test result(s)


rng=RNG_stdin32, seed=unknown
length= 2 gigabytes (2^31 bytes), time= 62.2 seconds
  no anomalies in 205 test result(s)


rng=RNG_stdin32, seed=unknown
length= 4 gigabytes (2^32 bytes), time= 124 seconds
  Test Name                         Raw       Processed     Evaluation
  BCFN(2+1,13-0,T)                  R=  -7.4  p =1-9.2e-4   unusual          
  ...and 216 test result(s) without anomalies


rng=RNG_stdin32, seed=unknown
length= 8 gigabytes (2^33 bytes), time= 243 seconds
  no anomalies in 230 test result(s)


rng=RNG_stdin32, seed=unknown
length= 16 gigabytes (2^34 bytes), time= 476 seconds
  Test Name                         Raw       Processed     Evaluation
  FPF-14+6/16:(8,14-0)              R= +10.5  p =  2.4e-9   very suspicious  
  FPF-14+6/16:all                   R=  +5.6  p =  1.0e-4   unusual          
  ...and 238 test result(s) without anomalies


