RNG_test using PractRand version 0.95
RNG = RNG_stdin32, seed = unknown
test set = core, folding = standard (32 bit)


rng=RNG_stdin32, seed=unknown
length= 256 megabytes (2^28 bytes), time= 5.4 seconds
  no anomalies in 168 test result(s)


rng=RNG_stdin32, seed=unknown
length= 512 megabytes (2^29 bytes), time= 11.5 seconds
  no anomalies in 180 test result(s)


rng=RNG_stdin32, seed=unknown
length= 1 gigabyte (2^30 bytes), time= 23.4 seconds
  no anomalies in 194 test result(s)


rng=RNG_stdin32, seed=unknown
length= 2 gigabytes (2^31 bytes), time= 44.5 seconds
  no anomalies in 205 test result(s)


rng=RNG_stdin32, seed=unknown
length= 4 gigabytes (2^32 bytes), time= 80.4 seconds
  no anomalies in 217 test result(s)


rng=RNG_stdin32, seed=unknown
length= 8 gigabytes (2^33 bytes), time= 155 seconds
  Test Name                         Raw       Processed     Evaluation
  [Low8/32]FPF-14+6/16:(0,14-0)     R=  +6.5  p =  1.3e-5   unusual          
  [Low8/32]FPF-14+6/16:all          R=  +5.1  p =  2.7e-4   unusual          
  [Low8/32]FPF-14+6/16:cross        R=  +4.3  p =  6.1e-4   unusual          
  ...and 227 test result(s) without anomalies


rng=RNG_stdin32, seed=unknown
length= 16 gigabytes (2^34 bytes), time= 307 seconds
  Test Name                         Raw       Processed     Evaluation
  [Low8/32]FPF-14+6/16:(0,14-0)     R=  +7.2  p =  2.8e-6   unusual          
  [Low8/32]FPF-14+6/16:all          R=  +6.6  p =  1.1e-5   mildly suspicious
  [Low8/32]FPF-14+6/16:cross        R=  +6.9  p =  3.4e-6   suspicious       
  ...and 237 test result(s) without anomalies


