RNG_test using PractRand version 0.95
RNG = RNG_stdin32, seed = unknown
test set = core, folding = standard (32 bit)


rng=RNG_stdin32, seed=unknown
length= 256 megabytes (2^28 bytes), time= 5.7 seconds
  no anomalies in 168 test result(s)


rng=RNG_stdin32, seed=unknown
length= 512 megabytes (2^29 bytes), time= 13.2 seconds
  no anomalies in 180 test result(s)


rng=RNG_stdin32, seed=unknown
length= 1 gigabyte (2^30 bytes), time= 26.9 seconds
  no anomalies in 194 test result(s)


rng=RNG_stdin32, seed=unknown
length= 2 gigabytes (2^31 bytes), time= 50.4 seconds
  no anomalies in 205 test result(s)


rng=RNG_stdin32, seed=unknown
length= 4 gigabytes (2^32 bytes), time= 96.1 seconds
  no anomalies in 217 test result(s)


rng=RNG_stdin32, seed=unknown
length= 8 gigabytes (2^33 bytes), time= 186 seconds
  Test Name                         Raw       Processed     Evaluation
  BCFN(2+0,13-0,T)                  R= +12.3  p =  3.9e-6   suspicious       
  ...and 229 test result(s) without anomalies


rng=RNG_stdin32, seed=unknown
length= 16 gigabytes (2^34 bytes), time= 362 seconds
  Test Name                         Raw       Processed     Evaluation
  BCFN(2+0,13-0,T)                  R= +19.1  p =  9.0e-10   VERY SUSPICIOUS 
  DC6-9x1Bytes-1                    R= +10.4  p =  8.7e-6   suspicious       
  FPF-14+6/16:all                   R=  +5.8  p =  5.8e-5   mildly suspicious
  [Low8/32]FPF-14+6/16:(0,14-0)     R=  +8.1  p =  4.3e-7   mildly suspicious
  [Low8/32]FPF-14+6/16:all          R=  +5.5  p =  1.1e-4   unusual          
  ...and 235 test result(s) without anomalies


