RNG_test using PractRand version 0.95
RNG = RNG_stdin32, seed = unknown
test set = core, folding = standard (32 bit)


rng=RNG_stdin32, seed=unknown
length= 256 megabytes (2^28 bytes), time= 4.0 seconds
  no anomalies in 168 test result(s)


rng=RNG_stdin32, seed=unknown
length= 512 megabytes (2^29 bytes), time= 9.4 seconds
  no anomalies in 180 test result(s)


rng=RNG_stdin32, seed=unknown
length= 1 gigabyte (2^30 bytes), time= 19.5 seconds
  Test Name                         Raw       Processed     Evaluation
  FPF-14+6/16:cross                 R=  +4.4  p =  4.2e-4   unusual          
  ...and 193 test result(s) without anomalies


rng=RNG_stdin32, seed=unknown
length= 2 gigabytes (2^31 bytes), time= 35.3 seconds
  Test Name                         Raw       Processed     Evaluation
  mod3n(5):(1,9-6)                  R= +13.5  p =  1.8e-5   mildly suspicious
  ...and 204 test result(s) without anomalies


rng=RNG_stdin32, seed=unknown
length= 4 gigabytes (2^32 bytes), time= 65.2 seconds
  no anomalies in 217 test result(s)


rng=RNG_stdin32, seed=unknown
length= 8 gigabytes (2^33 bytes), time= 128 seconds
  no anomalies in 230 test result(s)


rng=RNG_stdin32, seed=unknown
length= 16 gigabytes (2^34 bytes), time= 245 seconds
  Test Name                         Raw       Processed     Evaluation
  Gap-16:B                          R=  +4.4  p =  1.0e-3   unusual          
  ...and 239 test result(s) without anomalies


