RNG_test using PractRand version 0.95
RNG = RNG_stdin32, seed = unknown
test set = core, folding = standard (32 bit)


rng=RNG_stdin32, seed=unknown
length= 256 megabytes (2^28 bytes), time= 4.8 seconds
  no anomalies in 168 test result(s)


rng=RNG_stdin32, seed=unknown
length= 512 megabytes (2^29 bytes), time= 10.7 seconds
  no anomalies in 180 test result(s)


rng=RNG_stdin32, seed=unknown
length= 1 gigabyte (2^30 bytes), time= 21.1 seconds
  no anomalies in 194 test result(s)


rng=RNG_stdin32, seed=unknown
length= 2 gigabytes (2^31 bytes), time= 39.1 seconds
  no anomalies in 205 test result(s)


rng=RNG_stdin32, seed=unknown
length= 4 gigabytes (2^32 bytes), time= 75.6 seconds
  Test Name                         Raw       Processed     Evaluation
  [Low8/32]FPF-14+6/16:cross        R=  +4.4  p =  4.9e-4   unusual          
  ...and 216 test result(s) without anomalies


rng=RNG_stdin32, seed=unknown
length= 8 gigabytes (2^33 bytes), time= 147 seconds
  Test Name                         Raw       Processed     Evaluation
  [Low8/32]FPF-14+6/16:cross        R=  +4.6  p =  3.2e-4   unusual          
  ...and 229 test result(s) without anomalies


rng=RNG_stdin32, seed=unknown
length= 16 gigabytes (2^34 bytes), time= 291 seconds
  Test Name                         Raw       Processed     Evaluation
  [Low8/32]FPF-14+6/16:cross        R=  +7.1  p =  2.4e-6   suspicious       
  ...and 239 test result(s) without anomalies


