RNG_test using PractRand version 0.95
RNG = RNG_stdin32, seed = unknown
test set = core, folding = standard (32 bit)


rng=RNG_stdin32, seed=unknown
length= 256 megabytes (2^28 bytes), time= 8.7 seconds
  no anomalies in 168 test result(s)


rng=RNG_stdin32, seed=unknown
length= 512 megabytes (2^29 bytes), time= 17.7 seconds
  no anomalies in 180 test result(s)


rng=RNG_stdin32, seed=unknown
length= 1 gigabyte (2^30 bytes), time= 34.1 seconds
  no anomalies in 194 test result(s)


rng=RNG_stdin32, seed=unknown
length= 2 gigabytes (2^31 bytes), time= 66.6 seconds
  no anomalies in 205 test result(s)


rng=RNG_stdin32, seed=unknown
length= 4 gigabytes (2^32 bytes), time= 127 seconds
  no anomalies in 217 test result(s)


rng=RNG_stdin32, seed=unknown
length= 8 gigabytes (2^33 bytes), time= 248 seconds
  Test Name                         Raw       Processed     Evaluation
  DC6-9x1Bytes-1                    R=  +6.0  p =  1.8e-3   unusual          
  ...and 229 test result(s) without anomalies


rng=RNG_stdin32, seed=unknown
length= 16 gigabytes (2^34 bytes), time= 484 seconds
  Test Name                         Raw       Processed     Evaluation
  Gap-16:B                          R=  +6.1  p =  3.7e-5   mildly suspicious
  FPF-14+6/16:(5,14-0)              R=  +8.6  p =  1.3e-7   suspicious       
  FPF-14+6/16:(6,14-0)              R=  +8.4  p =  2.0e-7   mildly suspicious
  FPF-14+6/16:all                   R=  +8.1  p =  4.2e-7   very suspicious  
  [Low8/32]BCFN(2+2,13-0,T)         R=  +8.0  p =  8.4e-4   unusual          
  [Low8/32]Gap-16:B                 R=  +6.0  p =  4.9e-5   mildly suspicious
  [Low1/32]BCFN(2+2,13-2,T)         R=  +8.9  p =  3.9e-4   unusual          
  [Low1/32]Gap-16:B                 R=  +4.7  p =  5.9e-4   unusual          
  ...and 232 test result(s) without anomalies


