RNG_test using PractRand version 0.95
RNG = RNG_stdin32, seed = unknown
test set = core, folding = standard (32 bit)


rng=RNG_stdin32, seed=unknown
length= 256 megabytes (2^28 bytes), time= 5.1 seconds
  Test Name                         Raw       Processed     Evaluation
  DC6-9x1Bytes-1                    R=  -4.2  p =1-4.6e-3   unusual          
  ...and 167 test result(s) without anomalies


rng=RNG_stdin32, seed=unknown
length= 512 megabytes (2^29 bytes), time= 10.3 seconds
  no anomalies in 180 test result(s)


rng=RNG_stdin32, seed=unknown
length= 1 gigabyte (2^30 bytes), time= 20.1 seconds
  no anomalies in 194 test result(s)


rng=RNG_stdin32, seed=unknown
length= 2 gigabytes (2^31 bytes), time= 38.5 seconds
  no anomalies in 205 test result(s)


rng=RNG_stdin32, seed=unknown
length= 4 gigabytes (2^32 bytes), time= 69.6 seconds
  no anomalies in 217 test result(s)


rng=RNG_stdin32, seed=unknown
length= 8 gigabytes (2^33 bytes), time= 138 seconds
  no anomalies in 230 test result(s)


rng=RNG_stdin32, seed=unknown
length= 16 gigabytes (2^34 bytes), time= 281 seconds
  no anomalies in 240 test result(s)


