RNG_test using PractRand version 0.95
RNG = RNG_stdin32, seed = unknown
test set = core, folding = standard (32 bit)


rng=RNG_stdin32, seed=unknown
length= 256 megabytes (2^28 bytes), time= 6.0 seconds
  no anomalies in 168 test result(s)


rng=RNG_stdin32, seed=unknown
length= 512 megabytes (2^29 bytes), time= 12.9 seconds
  no anomalies in 180 test result(s)


rng=RNG_stdin32, seed=unknown
length= 1 gigabyte (2^30 bytes), time= 24.9 seconds
  no anomalies in 194 test result(s)


rng=RNG_stdin32, seed=unknown
length= 2 gigabytes (2^31 bytes), time= 49.7 seconds
  no anomalies in 205 test result(s)


rng=RNG_stdin32, seed=unknown
length= 4 gigabytes (2^32 bytes), time= 94.8 seconds
  no anomalies in 217 test result(s)


rng=RNG_stdin32, seed=unknown
length= 8 gigabytes (2^33 bytes), time= 186 seconds
  Test Name                         Raw       Processed     Evaluation
  FPF-14+6/16:(0,14-0)              R=  +6.8  p =  6.1e-6   unusual          
  FPF-14+6/16:all                   R=  +6.6  p =  1.1e-5   mildly suspicious
  ...and 228 test result(s) without anomalies


rng=RNG_stdin32, seed=unknown
length= 16 gigabytes (2^34 bytes), time= 366 seconds
  Test Name                         Raw       Processed     Evaluation
  FPF-14+6/16:(0,14-0)              R= +14.6  p =  3.7e-13    FAIL           
  FPF-14+6/16:(1,14-0)              R=  +8.7  p =  1.2e-7   suspicious       
  FPF-14+6/16:all                   R=  +9.6  p =  1.5e-8   very suspicious  
  ...and 237 test result(s) without anomalies


