RNG_test using PractRand version 0.95
RNG = RNG_stdin32, seed = unknown
test set = core, folding = standard (32 bit)


rng=RNG_stdin32, seed=unknown
length= 256 megabytes (2^28 bytes), time= 5.4 seconds
  no anomalies in 168 test result(s)


rng=RNG_stdin32, seed=unknown
length= 512 megabytes (2^29 bytes), time= 11.3 seconds
  no anomalies in 180 test result(s)


rng=RNG_stdin32, seed=unknown
length= 1 gigabyte (2^30 bytes), time= 20.8 seconds
  no anomalies in 194 test result(s)


rng=RNG_stdin32, seed=unknown
length= 2 gigabytes (2^31 bytes), time= 41.7 seconds
  no anomalies in 205 test result(s)


rng=RNG_stdin32, seed=unknown
length= 4 gigabytes (2^32 bytes), time= 82.3 seconds
  no anomalies in 217 test result(s)


rng=RNG_stdin32, seed=unknown
length= 8 gigabytes (2^33 bytes), time= 158 seconds
  Test Name                         Raw       Processed     Evaluation
  [Low8/32]FPF-14+6/16:cross        R=  +7.0  p =  2.8e-6   suspicious       
  ...and 229 test result(s) without anomalies


rng=RNG_stdin32, seed=unknown
length= 16 gigabytes (2^34 bytes), time= 314 seconds
  Test Name                         Raw       Processed     Evaluation
  [Low8/32]FPF-14+6/16:(0,14-0)     R=  +7.6  p =  1.2e-6   mildly suspicious
  [Low8/32]FPF-14+6/16:cross        R=  +8.2  p =  2.8e-7   very suspicious  
  ...and 238 test result(s) without anomalies


