RNG_test using PractRand version 0.95
RNG = RNG_stdin32, seed = unknown
test set = core, folding = standard (32 bit)


rng=RNG_stdin32, seed=unknown
length= 256 megabytes (2^28 bytes), time= 4.7 seconds
  no anomalies in 168 test result(s)


rng=RNG_stdin32, seed=unknown
length= 512 megabytes (2^29 bytes), time= 10.5 seconds
  no anomalies in 180 test result(s)


rng=RNG_stdin32, seed=unknown
length= 1 gigabyte (2^30 bytes), time= 20.9 seconds
  no anomalies in 194 test result(s)


rng=RNG_stdin32, seed=unknown
length= 2 gigabytes (2^31 bytes), time= 41.5 seconds
  Test Name                         Raw       Processed     Evaluation
  BCFN(2+0,13-0,T)                  R=  +9.2  p =  1.7e-4   unusual          
  ...and 204 test result(s) without anomalies


rng=RNG_stdin32, seed=unknown
length= 4 gigabytes (2^32 bytes), time= 78.3 seconds
  Test Name                         Raw       Processed     Evaluation
  BCFN(2+0,13-0,T)                  R= +16.2  p =  3.2e-8   very suspicious  
  BCFN(2+1,13-0,T)                  R= +12.4  p =  3.6e-6   suspicious       
  [Low1/32]DC6-9x1Bytes-1           R=  -5.2  p =1-1.1e-3   unusual          
  ...and 214 test result(s) without anomalies



[EARLY KILL after 4 gigabytes (2^32 bytes): hard FAIL detected]
