RNG_test using PractRand version 0.95
RNG = RNG_stdin32, seed = unknown
test set = core, folding = standard (32 bit)


rng=RNG_stdin32, seed=unknown
length= 256 megabytes (2^28 bytes), time= 5.2 seconds
  Test Name                         Raw       Processed     Evaluation
  BCFN(2+0,13-2,T)                  R=  +8.3  p =  7.9e-4   unusual          
  ...and 167 test result(s) without anomalies


rng=RNG_stdin32, seed=unknown
length= 512 megabytes (2^29 bytes), time= 12.4 seconds
  no anomalies in 180 test result(s)


rng=RNG_stdin32, seed=unknown
length= 1 gigabyte (2^30 bytes), time= 23.4 seconds
  Test Name                         Raw       Processed     Evaluation
  BCFN(2+0,13-1,T)                  R=  +8.7  p =  3.7e-4   unusual          
  ...and 193 test result(s) without anomalies


rng=RNG_stdin32, seed=unknown
length= 2 gigabytes (2^31 bytes), time= 42.1 seconds
  Test Name                         Raw       Processed     Evaluation
  BCFN(2+0,13-0,T)                  R= +15.4  p =  8.8e-8   very suspicious  
  BCFN(2+1,13-0,T)                  R= +10.3  p =  4.6e-5   mildly suspicious
  ...and 203 test result(s) without anomalies



[EARLY KILL after 2 gigabytes (2^31 bytes): hard FAIL detected]
