RNG_test using PractRand version 0.95
RNG = RNG_stdin32, seed = unknown
test set = core, folding = standard (32 bit)


rng=RNG_stdin32, seed=unknown
length= 256 megabytes (2^28 bytes), time= 6.4 seconds
  Test Name                         Raw       Processed     Evaluation
  [Low8/32]DC6-9x1Bytes-1           R=  +6.4  p =  1.8e-3   unusual          
  ...and 167 test result(s) without anomalies


rng=RNG_stdin32, seed=unknown
length= 512 megabytes (2^29 bytes), time= 13.8 seconds
  no anomalies in 180 test result(s)


rng=RNG_stdin32, seed=unknown
length= 1 gigabyte (2^30 bytes), time= 25.5 seconds
  no anomalies in 194 test result(s)


rng=RNG_stdin32, seed=unknown
length= 2 gigabytes (2^31 bytes), time= 46.7 seconds
  no anomalies in 205 test result(s)


rng=RNG_stdin32, seed=unknown
length= 4 gigabytes (2^32 bytes), time= 91.2 seconds
  Test Name                         Raw       Processed     Evaluation
  [Low8/32]FPF-14+6/16:all          R=  +6.0  p =  3.9e-5   mildly suspicious
  ...and 216 test result(s) without anomalies


rng=RNG_stdin32, seed=unknown
length= 8 gigabytes (2^33 bytes), time= 181 seconds
  Test Name                         Raw       Processed     Evaluation
  [Low8/32]FPF-14+6/16:(0,14-0)     R=  +8.9  p =  7.3e-8   suspicious       
  [Low8/32]FPF-14+6/16:(1,14-0)     R=  +8.6  p =  1.3e-7   suspicious       
  [Low8/32]FPF-14+6/16:all          R=  +9.6  p =  1.6e-8   very suspicious  
  [Low8/32]FPF-14+6/16:cross        R=  +4.2  p =  6.8e-4   unusual          
  ...and 226 test result(s) without anomalies



[EARLY KILL after 8 gigabytes (2^33 bytes): hard FAIL detected]
