=== interleave_practrand tier=1tb: K=8 total=1048576MB ===
RNG_test using PractRand version 0.95
RNG = RNG_stdin32, seed = unknown
test set = core, folding = standard (32 bit)

rng=RNG_stdin32, seed=unknown
length= 64 gigabytes (2^36 bytes), time= 1319 seconds
  no anomalies in 263 test result(s)

rng=RNG_stdin32, seed=unknown
length= 128 gigabytes (2^37 bytes), time= 2434 seconds
  no anomalies in 273 test result(s)

rng=RNG_stdin32, seed=unknown
length= 256 gigabytes (2^38 bytes), time= 4157 seconds
  no anomalies in 284 test result(s)

rng=RNG_stdin32, seed=unknown
length= 512 gigabytes (2^39 bytes), time= 7545 seconds
  no anomalies in 295 test result(s)

rng=RNG_stdin32, seed=unknown
length= 1 terabyte (2^40 bytes), time= 13907 seconds
  Test Name                         Raw       Processed     Evaluation
  BCFN(2+0,13-0,T)                  R= +14.4  p =  3.0e-7   very suspicious  
  FPF-14+6/16:(5,14-0)              R=  +9.2  p =  3.7e-8   suspicious       
  FPF-14+6/16:all                   R=  +7.9  p =  7.0e-7   suspicious       
  ...and 301 test result(s) without anomalies


tier=1tb: PASSED (no FAIL/SUSPICIOUS, real test-result lines present)
Wrote /home/zep/Documents/research/ra_prng/experiments/2026-8-29_parallelization-research/interleave_practrand_results_1tb.json
