RNG_test using PractRand version 0.95
RNG = RNG_stdin32, seed = unknown
test set = core, folding = standard (32 bit)

rng=RNG_stdin32, seed=unknown
length= 8 gigabytes (2^33 bytes), time= 234 seconds
  no anomalies in 230 test result(s)

rng=RNG_stdin32, seed=unknown
length= 16 gigabytes (2^34 bytes), time= 482 seconds
  no anomalies in 240 test result(s)

rng=RNG_stdin32, seed=unknown
length= 32 gigabytes (2^35 bytes), time= 969 seconds
  no anomalies in 251 test result(s)

rng=RNG_stdin32, seed=unknown
length= 64 gigabytes (2^36 bytes), time= 1929 seconds
  no anomalies in 263 test result(s)

rng=RNG_stdin32, seed=unknown
length= 128 gigabytes (2^37 bytes), time= 3835 seconds
  no anomalies in 273 test result(s)

rng=RNG_stdin32, seed=unknown
length= 256 gigabytes (2^38 bytes), time= 7678 seconds
  no anomalies in 284 test result(s)

rng=RNG_stdin32, seed=unknown
length= 512 gigabytes (2^39 bytes), time= 15412 seconds
  no anomalies in 295 test result(s)

Streamed 274877906944 pseudorandom outputs in 30781.244 seconds
Last cons from RNGing: 4198597544
rng=RNG_stdin32, seed=unknown
length= 1 terabyte (2^40 bytes), time= 30782 seconds
  no anomalies in 304 test result(s)

