RNG_test using PractRand version 0.95
RNG = RNG_stdin32, seed = unknown
test set = core, folding = standard (32 bit)

rng=RNG_stdin32, seed=unknown
length= 1 gigabyte (2^30 bytes), time= 10.1 seconds
  no anomalies in 194 test result(s)

rng=RNG_stdin32, seed=unknown
length= 2 gigabytes (2^31 bytes), time= 21.5 seconds
  no anomalies in 205 test result(s)

rng=RNG_stdin32, seed=unknown
length= 4 gigabytes (2^32 bytes), time= 42.4 seconds
  no anomalies in 217 test result(s)

rng=RNG_stdin32, seed=unknown
length= 8 gigabytes (2^33 bytes), time= 86.6 seconds
  no anomalies in 230 test result(s)

rng=RNG_stdin32, seed=unknown
length= 16 gigabytes (2^34 bytes), time= 236 seconds
  no anomalies in 240 test result(s)

rng=RNG_stdin32, seed=unknown
length= 32 gigabytes (2^35 bytes), time= 582 seconds
  no anomalies in 251 test result(s)

rng=RNG_stdin32, seed=unknown
length= 64 gigabytes (2^36 bytes), time= 993 seconds
  no anomalies in 263 test result(s)

rng=RNG_stdin32, seed=unknown
length= 128 gigabytes (2^37 bytes), time= 1842 seconds
  no anomalies in 273 test result(s)

