RNG_test using PractRand version 0.95
RNG = RNG_stdin32, seed = unknown
test set = core, folding = standard (32 bit)

rng=RNG_stdin32, seed=unknown
length= 1 gigabyte (2^30 bytes), time= 8.7 seconds
  Test Name                         Raw       Processed     Evaluation
  BCFN(2+0,13-1,T)                  R= +15.0  p =  1.6e-7   very suspicious  
  ...and 193 test result(s) without anomalies

rng=RNG_stdin32, seed=unknown
length= 2 gigabytes (2^31 bytes), time= 18.3 seconds
  Test Name                         Raw       Processed     Evaluation
  BCFN(2+0,13-0,T)                  R= +14.8  p =  1.8e-7   very suspicious  
  DC6-9x1Bytes-1                    R=  +5.5  p =  4.6e-3   unusual          
  ...and 203 test result(s) without anomalies

rng=RNG_stdin32, seed=unknown
length= 4 gigabytes (2^32 bytes), time= 36.9 seconds
  Test Name                         Raw       Processed     Evaluation
  BCFN(2+0,13-0,T)                  R= +29.5  p =  2.6e-15    FAIL !         
  BCFN(2+2,13-0,T)                  R=  +9.4  p =  1.4e-4   unusual          
  ...and 215 test result(s) without anomalies

