=== depth 64 (8GB) ===
RNG_test using PractRand version 0.95
RNG = RNG_stdin32, seed = unknown
test set = core, folding = standard (32 bit)

rng=RNG_stdin32, seed=unknown
length= 4 gigabytes (2^32 bytes), time= 43.2 seconds
  Test Name                         Raw       Processed     Evaluation
  BCFN(2+0,13-0,T)                  R=  +9.3  p =  1.6e-4   unusual          
  ...and 216 test result(s) without anomalies

rng=RNG_stdin32, seed=unknown
length= 8 gigabytes (2^33 bytes), time= 88.3 seconds
  Test Name                         Raw       Processed     Evaluation
  BCFN(2+0,13-0,T)                  R= +14.5  p =  2.8e-7   very suspicious  
  DC6-9x1Bytes-1                    R=  +6.3  p =  1.3e-3   unusual          
  ...and 228 test result(s) without anomalies

=== depth 128 (8GB) ===
RNG_test using PractRand version 0.95
RNG = RNG_stdin32, seed = unknown
test set = core, folding = standard (32 bit)

rng=RNG_stdin32, seed=unknown
length= 4 gigabytes (2^32 bytes), time= 45.3 seconds
  no anomalies in 217 test result(s)

rng=RNG_stdin32, seed=unknown
length= 8 gigabytes (2^33 bytes), time= 93.8 seconds
  no anomalies in 230 test result(s)

