RNG_test using PractRand version 0.95
RNG = RNG_stdin32, seed = unknown
test set = core, folding = standard (32 bit)

rng=RNG_stdin32, seed=unknown
length= 256 megabytes (2^28 bytes), time= 6.6 seconds
  Test Name                         Raw       Processed     Evaluation
  [Low8/32]DC6-9x1Bytes-1           R=  +6.3  p =  2.0e-3   unusual          
  ...and 167 test result(s) without anomalies

rng=RNG_stdin32, seed=unknown
length= 512 megabytes (2^29 bytes), time= 14.9 seconds
  no anomalies in 180 test result(s)

rng=RNG_stdin32, seed=unknown
length= 1 gigabyte (2^30 bytes), time= 30.2 seconds
  no anomalies in 194 test result(s)

rng=RNG_stdin32, seed=unknown
length= 2 gigabytes (2^31 bytes), time= 54.7 seconds
  no anomalies in 205 test result(s)

rng=RNG_stdin32, seed=unknown
length= 4 gigabytes (2^32 bytes), time= 104 seconds
  no anomalies in 217 test result(s)

rng=RNG_stdin32, seed=unknown
length= 8 gigabytes (2^33 bytes), time= 203 seconds
  Test Name                         Raw       Processed     Evaluation
  BCFN(2+0,13-0,T)                  R= +10.7  p =  3.0e-5   mildly suspicious
  DC6-9x1Bytes-1                    R=  +6.6  p =  8.9e-4   unusual          
  [Low8/32]FPF-14+6/16:(0,14-0)     R= +11.7  p =  2.0e-10  very suspicious  
  [Low8/32]FPF-14+6/16:(1,14-0)     R=  +7.2  p =  2.7e-6   unusual          
  [Low8/32]FPF-14+6/16:all          R=  +9.9  p =  8.5e-9   very suspicious  
  [Low8/32]FPF-14+6/16:cross        R=  +4.2  p =  6.8e-4   unusual          
  ...and 224 test result(s) without anomalies

rng=RNG_stdin32, seed=unknown
length= 16 gigabytes (2^34 bytes), time= 400 seconds
  Test Name                         Raw       Processed     Evaluation
  BCFN(2+0,13-0,T)                  R= +22.2  p =  2.1e-11    FAIL           
  DC6-9x1Bytes-1                    R= +10.8  p =  5.8e-6   suspicious       
  [Low8/32]FPF-14+6/16:(0,14-0)     R= +22.0  p =  5.1e-20    FAIL !         
  [Low8/32]FPF-14+6/16:(1,14-0)     R= +15.3  p =  8.1e-14    FAIL           
  [Low8/32]FPF-14+6/16:(2,14-0)     R=  +8.5  p =  1.7e-7   suspicious       
  [Low8/32]FPF-14+6/16:all          R= +17.9  p =  2.7e-16    FAIL !         
  [Low8/32]FPF-14+6/16:cross        R=  +5.7  p =  3.5e-5   mildly suspicious
  ...and 233 test result(s) without anomalies

