RNG_test using PractRand version 0.95
RNG = RNG_stdin32, seed = unknown
test set = core, folding = standard (32 bit)

rng=RNG_stdin32, seed=unknown
length= 256 megabytes (2^28 bytes), time= 11.6 seconds
  no anomalies in 168 test result(s)

rng=RNG_stdin32, seed=unknown
length= 512 megabytes (2^29 bytes), time= 23.6 seconds
  no anomalies in 180 test result(s)

rng=RNG_stdin32, seed=unknown
length= 1 gigabyte (2^30 bytes), time= 47.0 seconds
  no anomalies in 194 test result(s)

rng=RNG_stdin32, seed=unknown
length= 2 gigabytes (2^31 bytes), time= 90.4 seconds
  no anomalies in 205 test result(s)

rng=RNG_stdin32, seed=unknown
length= 4 gigabytes (2^32 bytes), time= 177 seconds
  no anomalies in 217 test result(s)

rng=RNG_stdin32, seed=unknown
length= 8 gigabytes (2^33 bytes), time= 349 seconds
  Test Name                         Raw       Processed     Evaluation
  [Low8/32]FPF-14+6/16:cross        R=  +7.3  p =  1.8e-6   suspicious       
  ...and 229 test result(s) without anomalies

rng=RNG_stdin32, seed=unknown
length= 16 gigabytes (2^34 bytes), time= 690 seconds
  Test Name                         Raw       Processed     Evaluation
  FPF-14+6/16:(0,14-0)              R=  +6.5  p =  1.2e-5   unusual          
  FPF-14+6/16:all                   R=  +5.7  p =  8.3e-5   unusual          
  [Low8/32]FPF-14+6/16:(0,14-0)     R=  +9.9  p =  9.5e-9   very suspicious  
  [Low8/32]FPF-14+6/16:all          R=  +5.3  p =  2.0e-4   unusual          
  [Low8/32]FPF-14+6/16:cross        R= +17.5  p =  4.7e-15    FAIL !         
  ...and 235 test result(s) without anomalies

