RNG_test using PractRand version 0.95
RNG = RNG_stdin32, seed = unknown
test set = core, folding = standard (32 bit)

rng=RNG_stdin32, seed=unknown
length= 256 megabytes (2^28 bytes), time= 9.7 seconds
  no anomalies in 168 test result(s)

rng=RNG_stdin32, seed=unknown
length= 512 megabytes (2^29 bytes), time= 19.4 seconds
  no anomalies in 180 test result(s)

rng=RNG_stdin32, seed=unknown
length= 1 gigabyte (2^30 bytes), time= 36.7 seconds
  no anomalies in 194 test result(s)

rng=RNG_stdin32, seed=unknown
length= 2 gigabytes (2^31 bytes), time= 68.0 seconds
  no anomalies in 205 test result(s)

rng=RNG_stdin32, seed=unknown
length= 4 gigabytes (2^32 bytes), time= 131 seconds
  no anomalies in 217 test result(s)

rng=RNG_stdin32, seed=unknown
length= 8 gigabytes (2^33 bytes), time= 262 seconds
  Test Name                         Raw       Processed     Evaluation
  DC6-9x1Bytes-1                    R=  +8.9  p =  5.1e-5   suspicious       
  Gap-16:B                          R=  +6.1  p =  3.6e-5   mildly suspicious
  FPF-14+6/16:(8,14-0)              R=  +6.4  p =  1.6e-5   unusual          
  [Low8/32]BCFN(2+2,13-1,T)         R= +10.4  p =  4.4e-5   mildly suspicious
  [Low1/32]BCFN(2+2,13-3,T)         R=  +8.6  p =  7.0e-4   unusual          
  ...and 225 test result(s) without anomalies

rng=RNG_stdin32, seed=unknown
length= 16 gigabytes (2^34 bytes), time= 515 seconds
  Test Name                         Raw       Processed     Evaluation
  DC6-9x1Bytes-1                    R= +15.8  p =  1.5e-8    VERY SUSPICIOUS 
  Gap-16:A                          R=  +7.8  p =  1.8e-5   mildly suspicious
  Gap-16:B                          R= +11.7  p =  6.2e-10   VERY SUSPICIOUS 
  FPF-14+6/16:(6,14-0)              R= +10.1  p =  6.1e-9   very suspicious  
  FPF-14+6/16:(7,14-0)              R=  +9.2  p =  3.7e-8   suspicious       
  FPF-14+6/16:(8,14-0)              R=  +7.0  p =  3.9e-6   unusual          
  FPF-14+6/16:all                   R=  +8.8  p =  1.0e-7   very suspicious  
  [Low8/32]BCFN(2+2,13-0,T)         R= +15.0  p =  1.5e-7   very suspicious  
  [Low8/32]Gap-16:A                 R=  +7.8  p =  2.3e-5   mildly suspicious
  [Low8/32]Gap-16:B                 R=  +8.6  p =  2.7e-7   very suspicious  
  [Low1/32]BCFN(2+0,13-1,T)         R=  +8.6  p =  4.3e-4   unusual          
  [Low1/32]BCFN(2+1,13-1,T)         R= +12.4  p =  3.9e-6   suspicious       
  [Low1/32]BCFN(2+2,13-2,T)         R= +13.6  p =  1.4e-6   suspicious       
  [Low1/32]TMFn(2+4):wl             R= +36.4  p~=   7e-15     FAIL           
  ...and 226 test result(s) without anomalies

