RNG_test using PractRand version 0.95
RNG = RNG_stdin32, seed = unknown
test set = core, folding = standard (32 bit)

rng=RNG_stdin32, seed=unknown
length= 256 megabytes (2^28 bytes), time= 6.1 seconds
  no anomalies in 168 test result(s)

rng=RNG_stdin32, seed=unknown
length= 512 megabytes (2^29 bytes), time= 13.5 seconds
  no anomalies in 180 test result(s)

rng=RNG_stdin32, seed=unknown
length= 1 gigabyte (2^30 bytes), time= 25.6 seconds
  no anomalies in 194 test result(s)

rng=RNG_stdin32, seed=unknown
length= 2 gigabytes (2^31 bytes), time= 48.2 seconds
  Test Name                         Raw       Processed     Evaluation
  BCFN(2+0,13-0,T)                  R= +10.9  p =  2.2e-5   mildly suspicious
  BCFN(2+1,13-0,T)                  R= +12.0  p =  5.8e-6   suspicious       
  ...and 203 test result(s) without anomalies

rng=RNG_stdin32, seed=unknown
length= 4 gigabytes (2^32 bytes), time= 89.8 seconds
  Test Name                         Raw       Processed     Evaluation
  BCFN(2+0,13-0,T)                  R= +16.1  p =  3.6e-8   very suspicious  
  BCFN(2+1,13-0,T)                  R= +18.4  p =  2.2e-9    VERY SUSPICIOUS 
  ...and 215 test result(s) without anomalies

rng=RNG_stdin32, seed=unknown
length= 8 gigabytes (2^33 bytes), time= 174 seconds
  Test Name                         Raw       Processed     Evaluation
  BCFN(2+0,13-0,T)                  R= +30.7  p =  5.7e-16    FAIL !         
  BCFN(2+1,13-0,T)                  R= +25.8  p =  2.6e-13    FAIL           
  [Low8/32]FPF-14+6/16:all          R=  +5.1  p =  3.0e-4   unusual          
  ...and 227 test result(s) without anomalies

