RNG_test using PractRand version 0.95
RNG = RNG_stdin32, seed = unknown
test set = core, folding = standard (32 bit)

rng=RNG_stdin32, seed=unknown
length= 256 megabytes (2^28 bytes), time= 5.5 seconds
  no anomalies in 168 test result(s)

rng=RNG_stdin32, seed=unknown
length= 512 megabytes (2^29 bytes), time= 12.8 seconds
  no anomalies in 180 test result(s)

rng=RNG_stdin32, seed=unknown
length= 1 gigabyte (2^30 bytes), time= 25.0 seconds
  no anomalies in 194 test result(s)

rng=RNG_stdin32, seed=unknown
length= 2 gigabytes (2^31 bytes), time= 46.7 seconds
  no anomalies in 205 test result(s)

rng=RNG_stdin32, seed=unknown
length= 4 gigabytes (2^32 bytes), time= 88.2 seconds
  Test Name                         Raw       Processed     Evaluation
  BCFN(2+1,13-0,T)                  R= +10.5  p =  3.6e-5   mildly suspicious
  ...and 216 test result(s) without anomalies

rng=RNG_stdin32, seed=unknown
length= 8 gigabytes (2^33 bytes), time= 170 seconds
  Test Name                         Raw       Processed     Evaluation
  BCFN(2+1,13-0,T)                  R=  +7.9  p =  9.2e-4   unusual          
  ...and 229 test result(s) without anomalies

rng=RNG_stdin32, seed=unknown
length= 16 gigabytes (2^34 bytes), time= 336 seconds
  Test Name                         Raw       Processed     Evaluation
  BCFN(2+1,13-0,T)                  R=  +8.0  p =  8.3e-4   unusual          
  ...and 239 test result(s) without anomalies

