RNG_test using PractRand version 0.95
RNG = RNG_stdin32, seed = unknown
test set = core, folding = standard (32 bit)

rng=RNG_stdin32, seed=unknown
length= 256 megabytes (2^28 bytes), time= 4.5 seconds
  no anomalies in 168 test result(s)

rng=RNG_stdin32, seed=unknown
length= 512 megabytes (2^29 bytes), time= 9.8 seconds
  no anomalies in 180 test result(s)

rng=RNG_stdin32, seed=unknown
length= 1 gigabyte (2^30 bytes), time= 19.7 seconds
  no anomalies in 194 test result(s)

rng=RNG_stdin32, seed=unknown
length= 2 gigabytes (2^31 bytes), time= 39.1 seconds
  no anomalies in 205 test result(s)

rng=RNG_stdin32, seed=unknown
length= 4 gigabytes (2^32 bytes), time= 79.0 seconds
  no anomalies in 217 test result(s)

rng=RNG_stdin32, seed=unknown
length= 8 gigabytes (2^33 bytes), time= 171 seconds
  Test Name                         Raw       Processed     Evaluation
  DC6-9x1Bytes-1                    R=  +8.9  p =  5.1e-5   suspicious       
  Gap-16:B                          R=  +6.1  p =  3.6e-5   mildly suspicious
  FPF-14+6/16:(8,14-0)              R=  +6.4  p =  1.6e-5   unusual          
  [Low8/32]BCFN(2+2,13-1,T)         R= +10.4  p =  4.4e-5   mildly suspicious
  [Low1/32]BCFN(2+2,13-3,T)         R=  +8.6  p =  7.0e-4   unusual          
  ...and 225 test result(s) without anomalies

