RNG_test using PractRand version 0.95
RNG = RNG_stdin32, seed = unknown
test set = core, folding = standard (32 bit)

rng=RNG_stdin32, seed=unknown
length= 256 megabytes (2^28 bytes), time= 5.5 seconds
  no anomalies in 168 test result(s)

rng=RNG_stdin32, seed=unknown
length= 512 megabytes (2^29 bytes), time= 12.7 seconds
  no anomalies in 180 test result(s)

rng=RNG_stdin32, seed=unknown
length= 1 gigabyte (2^30 bytes), time= 24.3 seconds
  no anomalies in 194 test result(s)

rng=RNG_stdin32, seed=unknown
length= 2 gigabytes (2^31 bytes), time= 45.6 seconds
  Test Name                         Raw       Processed     Evaluation
  [Low1/32]DC6-9x1Bytes-1           R=  -5.2  p =1-1.0e-3   unusual          
  ...and 204 test result(s) without anomalies

rng=RNG_stdin32, seed=unknown
length= 4 gigabytes (2^32 bytes), time= 85.0 seconds
  no anomalies in 217 test result(s)

rng=RNG_stdin32, seed=unknown
length= 8 gigabytes (2^33 bytes), time= 167 seconds
  no anomalies in 230 test result(s)

rng=RNG_stdin32, seed=unknown
length= 16 gigabytes (2^34 bytes), time= 337 seconds
  Test Name                         Raw       Processed     Evaluation
  BCFN(2+0,13-0,T)                  R= +12.2  p =  4.7e-6   suspicious       
  ...and 239 test result(s) without anomalies

