RNG_test using PractRand version 0.95
RNG = RNG_stdin32, seed = unknown
test set = core, folding = standard (32 bit)

rng=RNG_stdin32, seed=unknown
length= 256 megabytes (2^28 bytes), time= 8.1 seconds
  no anomalies in 168 test result(s)

rng=RNG_stdin32, seed=unknown
length= 512 megabytes (2^29 bytes), time= 16.9 seconds
  no anomalies in 180 test result(s)

rng=RNG_stdin32, seed=unknown
length= 1 gigabyte (2^30 bytes), time= 32.4 seconds
  no anomalies in 194 test result(s)

rng=RNG_stdin32, seed=unknown
length= 2 gigabytes (2^31 bytes), time= 61.0 seconds
  Test Name                         Raw       Processed     Evaluation
  [Low8/32]BCFN(2+0,13-1,T)         R=  +8.9  p =  3.0e-4   unusual          
  ...and 204 test result(s) without anomalies

rng=RNG_stdin32, seed=unknown
length= 4 gigabytes (2^32 bytes), time= 117 seconds
  no anomalies in 217 test result(s)

rng=RNG_stdin32, seed=unknown
length= 8 gigabytes (2^33 bytes), time= 231 seconds
  Test Name                         Raw       Processed     Evaluation
  FPF-14+6/16:(0,14-0)              R=  +7.5  p =  1.3e-6   mildly suspicious
  FPF-14+6/16:cross                 R=  +9.4  p =  3.1e-8   very suspicious  
  ...and 228 test result(s) without anomalies

rng=RNG_stdin32, seed=unknown
length= 16 gigabytes (2^34 bytes), time= 456 seconds
  Test Name                         Raw       Processed     Evaluation
  FPF-14+6/16:(0,14-0)              R= +13.7  p =  2.9e-12   VERY SUSPICIOUS 
  FPF-14+6/16:all                   R=  +5.7  p =  7.4e-5   unusual          
  FPF-14+6/16:cross                 R= +13.1  p =  2.0e-11    FAIL           
  ...and 237 test result(s) without anomalies

