RNG_test using PractRand version 0.95
RNG = RNG_stdin32, seed = unknown
test set = core, folding = standard (32 bit)

rng=RNG_stdin32, seed=unknown
length= 256 megabytes (2^28 bytes), time= 6.6 seconds
  no anomalies in 168 test result(s)

rng=RNG_stdin32, seed=unknown
length= 512 megabytes (2^29 bytes), time= 14.1 seconds
  Test Name                         Raw       Processed     Evaluation
  [Low8/32]DC6-9x1Bytes-1           R=  -5.8  p =1-5.3e-4   mildly suspicious
  ...and 179 test result(s) without anomalies

rng=RNG_stdin32, seed=unknown
length= 1 gigabyte (2^30 bytes), time= 28.5 seconds
  no anomalies in 194 test result(s)

rng=RNG_stdin32, seed=unknown
length= 2 gigabytes (2^31 bytes), time= 55.5 seconds
  no anomalies in 205 test result(s)

rng=RNG_stdin32, seed=unknown
length= 4 gigabytes (2^32 bytes), time= 107 seconds
  no anomalies in 217 test result(s)

rng=RNG_stdin32, seed=unknown
length= 8 gigabytes (2^33 bytes), time= 209 seconds
  Test Name                         Raw       Processed     Evaluation
  BCFN(2+0,13-0,T)                  R= +15.0  p =  1.4e-7   very suspicious  
  BCFN(2+1,13-0,T)                  R= +10.0  p =  6.6e-5   mildly suspicious
  ...and 228 test result(s) without anomalies

rng=RNG_stdin32, seed=unknown
length= 16 gigabytes (2^34 bytes), time= 413 seconds
  Test Name                         Raw       Processed     Evaluation
  BCFN(2+0,13-0,T)                  R= +26.5  p =  1.0e-13    FAIL           
  BCFN(2+1,13-0,T)                  R= +17.1  p =  1.1e-8   very suspicious  
  ...and 238 test result(s) without anomalies

