=== -d 0 ===
=======================#
   rng_name    |rands/second|   Seed   |
stdin_input_raw|  1.59e+07  |3120323136|
#=============================================================================#
        test_name   |ntup| tsamples |psamples|  p-value |Assessment
#=============================================================================#
   diehard_birthdays|   0|       100|     100|0.58592880|  PASSED
=== -d 1 ===
=======================#
   rng_name    |rands/second|   Seed   |
stdin_input_raw|  1.91e+07  | 151825294|
#=============================================================================#
        test_name   |ntup| tsamples |psamples|  p-value |Assessment
#=============================================================================#
      diehard_operm5|   0|   1000000|     100|0.90878497|  PASSED
=== -d 2 ===
=======================#
   rng_name    |rands/second|   Seed   |
stdin_input_raw|  1.41e+07  |2052082053|
#=============================================================================#
        test_name   |ntup| tsamples |psamples|  p-value |Assessment
#=============================================================================#
  diehard_rank_32x32|   0|     40000|     100|0.09538218|  PASSED
=== -d 3 ===
=======================#
   rng_name    |rands/second|   Seed   |
stdin_input_raw|  1.77e+07  |3115291965|
#=============================================================================#
        test_name   |ntup| tsamples |psamples|  p-value |Assessment
#=============================================================================#
    diehard_rank_6x8|   0|    100000|     100|0.30827012|  PASSED
=== -d 4 ===
=======================#
   rng_name    |rands/second|   Seed   |
stdin_input_raw|  2.03e+07  |2792058885|
#=============================================================================#
        test_name   |ntup| tsamples |psamples|  p-value |Assessment
#=============================================================================#
   diehard_bitstream|   0|   2097152|     100|0.50212928|  PASSED
=== -d 8 ===
=======================#
   rng_name    |rands/second|   Seed   |
stdin_input_raw|  1.92e+07  |1405801974|
#=============================================================================#
        test_name   |ntup| tsamples |psamples|  p-value |Assessment
#=============================================================================#
diehard_count_1s_str|   0|    256000|     100|0.23207378|  PASSED
=== -d 9 ===
=======================#
   rng_name    |rands/second|   Seed   |
stdin_input_raw|  1.75e+07  |1362610457|
#=============================================================================#
        test_name   |ntup| tsamples |psamples|  p-value |Assessment
#=============================================================================#
diehard_count_1s_byt|   0|    256000|     100|0.56516053|  PASSED
=== -d 10 ===
=======================#
   rng_name    |rands/second|   Seed   |
stdin_input_raw|  1.53e+07  | 329813664|
#=============================================================================#
        test_name   |ntup| tsamples |psamples|  p-value |Assessment
#=============================================================================#
 diehard_parking_lot|   0|     12000|     100|0.31899023|  PASSED
=== -d 11 ===
=======================#
   rng_name    |rands/second|   Seed   |
stdin_input_raw|  1.68e+07  |  71948359|
#=============================================================================#
        test_name   |ntup| tsamples |psamples|  p-value |Assessment
#=============================================================================#
    diehard_2dsphere|   2|      8000|     100|0.12529998|  PASSED
=== -d 12 ===
=======================#
   rng_name    |rands/second|   Seed   |
stdin_input_raw|  1.62e+07  |  93903941|
#=============================================================================#
        test_name   |ntup| tsamples |psamples|  p-value |Assessment
#=============================================================================#
    diehard_3dsphere|   3|      4000|     100|0.59518752|  PASSED
=== -d 13 ===
=======================#
   rng_name    |rands/second|   Seed   |
stdin_input_raw|  1.45e+07  |2654750241|
#=============================================================================#
        test_name   |ntup| tsamples |psamples|  p-value |Assessment
#=============================================================================#
     diehard_squeeze|   0|    100000|     100|0.95561693|  PASSED
=== -d 15 ===
din_input_raw|  1.51e+07  |3098808155|
#=============================================================================#
        test_name   |ntup| tsamples |psamples|  p-value |Assessment
#=============================================================================#
        diehard_runs|   0|    100000|     100|0.59347891|  PASSED  
        diehard_runs|   0|    100000|     100|0.18148090|  PASSED
=== -d 16 ===
tdin_input_raw|  1.48e+07  |  62553071|
#=============================================================================#
        test_name   |ntup| tsamples |psamples|  p-value |Assessment
#=============================================================================#
       diehard_craps|   0|    200000|     100|0.41913009|  PASSED  
       diehard_craps|   0|    200000|     100|0.99739000|   WEAK
=== -d 17 ===
din_input_raw|  1.51e+07  |2625581565|
#=============================================================================#
        test_name   |ntup| tsamples |psamples|  p-value |Assessment
#=============================================================================#
 marsaglia_tsang_gcd|   0|  10000000|     100|0.70833393|  PASSED  
 marsaglia_tsang_gcd|   0|  10000000|     100|0.50551756|  PASSED
=== -d 100 ===
=======================#
   rng_name    |rands/second|   Seed   |
stdin_input_raw|  1.54e+07  |1673996052|
#=============================================================================#
        test_name   |ntup| tsamples |psamples|  p-value |Assessment
#=============================================================================#
         sts_monobit|   1|    100000|     100|0.23455670|  PASSED
=== -d 101 ===
=======================#
   rng_name    |rands/second|   Seed   |
stdin_input_raw|  1.45e+07  |2913664610|
#=============================================================================#
        test_name   |ntup| tsamples |psamples|  p-value |Assessment
#=============================================================================#
            sts_runs|   2|    100000|     100|0.42535438|  PASSED
=== -d 102 ===
     sts_serial|  14|    100000|     100|0.13064533|  PASSED  
          sts_serial|  14|    100000|     100|0.17906909|  PASSED  
          sts_serial|  15|    100000|     100|0.96220642|  PASSED  
          sts_serial|  15|    100000|     100|0.30332913|  PASSED  
          sts_serial|  16|    100000|     100|0.39943626|  PASSED  
          sts_serial|  16|    100000|     100|0.20336582|  PASSED
=== -d 200 ===

=== -d 201 ===
=======================#
   rng_name    |rands/second|   Seed   |
stdin_input_raw|  1.60e+07  |3880098107|
#=============================================================================#
        test_name   |ntup| tsamples |psamples|  p-value |Assessment
#=============================================================================#
rgb_minimum_distance|   5|     10000|    1000|0.12727582|  PASSED
=== -d 202 ===
=======================#
   rng_name    |rands/second|   Seed   |
stdin_input_raw|  1.57e+07  | 877275768|
#=============================================================================#
        test_name   |ntup| tsamples |psamples|  p-value |Assessment
#=============================================================================#
    rgb_permutations|   5|    100000|     100|0.40866866|  PASSED
=== -d 203 ===
=======================#
   rng_name    |rands/second|   Seed   |
stdin_input_raw|  1.53e+07  | 206074311|
#=============================================================================#
        test_name   |ntup| tsamples |psamples|  p-value |Assessment
#=============================================================================#
      rgb_lagged_sum|   0|   1000000|     100|0.28574240|  PASSED
=== -d 204 ===
=======================#
   rng_name    |rands/second|   Seed   |
stdin_input_raw|  1.42e+07  |3083802050|
#=============================================================================#
        test_name   |ntup| tsamples |psamples|  p-value |Assessment
#=============================================================================#
     rgb_kstest_test|   0|     10000|    1000|0.10724047|  PASSED
=== -d 205 ===
=======================#
   rng_name    |rands/second|   Seed   |
stdin_input_raw|  1.54e+07  |2972775970|
#=============================================================================#
        test_name   |ntup| tsamples |psamples|  p-value |Assessment
#=============================================================================#
     dab_bytedistrib|   0|  51200000|       1|0.26610367|  PASSED
=== -d 206 ===
=======================#
   rng_name    |rands/second|   Seed   |
stdin_input_raw|  1.43e+07  |3357571887|
#=============================================================================#
        test_name   |ntup| tsamples |psamples|  p-value |Assessment
#=============================================================================#
             dab_dct| 256|     50000|       1|0.36525384|  PASSED
=== -d 207 ===
din_input_raw|  1.02e+07  | 581951737|
#=============================================================================#
        test_name   |ntup| tsamples |psamples|  p-value |Assessment
#=============================================================================#
        dab_filltree|  32|  15000000|       1|0.56851807|  PASSED  
        dab_filltree|  32|  15000000|       1|0.51450079|  PASSED
=== -d 208 ===
din_input_raw|  9.86e+06  |3989054063|
#=============================================================================#
        test_name   |ntup| tsamples |psamples|  p-value |Assessment
#=============================================================================#
       dab_filltree2|   0|   5000000|       1|0.45499899|  PASSED  
       dab_filltree2|   1|   5000000|       1|0.84175075|  PASSED
=== -d 209 ===
=======================#
   rng_name    |rands/second|   Seed   |
stdin_input_raw|  1.69e+07  |2595063241|
#=============================================================================#
        test_name   |ntup| tsamples |psamples|  p-value |Assessment
#=============================================================================#
        dab_monobit2|  12|  65000000|       1|0.42923401|  PASSED

=== summary for winner_wired_v2 ===
26/27 test invocations show PASSED, 2 contain a WEAK sub-result, 0 show FAILED
Raw output: /home/albasith/ra_prng/experiments/2026-9-1_dieharder-battery/dieharder_winner_wired_v2_piped.txt
