=== -d 0 ===
=======================#
   rng_name    |rands/second|   Seed   |
stdin_input_raw|  1.56e+07  |2549622563|
#=============================================================================#
        test_name   |ntup| tsamples |psamples|  p-value |Assessment
#=============================================================================#
   diehard_birthdays|   0|       100|     100|0.23816844|  PASSED
=== -d 1 ===
=======================#
   rng_name    |rands/second|   Seed   |
stdin_input_raw|  1.60e+07  |1709878925|
#=============================================================================#
        test_name   |ntup| tsamples |psamples|  p-value |Assessment
#=============================================================================#
      diehard_operm5|   0|   1000000|     100|0.37967362|  PASSED
=== -d 2 ===
=======================#
   rng_name    |rands/second|   Seed   |
stdin_input_raw|  1.61e+07  |2469326175|
#=============================================================================#
        test_name   |ntup| tsamples |psamples|  p-value |Assessment
#=============================================================================#
  diehard_rank_32x32|   0|     40000|     100|0.74362811|  PASSED
=== -d 3 ===
========================#
   rng_name    |rands/second|   Seed   |
stdin_input_raw|  1.61e+07  |3586416102|
#=============================================================================#
        test_name   |ntup| tsamples |psamples|  p-value |Assessment
#=============================================================================#
    diehard_rank_6x8|   0|    100000|     100|0.99530466|   WEAK
=== -d 4 ===
=======================#
   rng_name    |rands/second|   Seed   |
stdin_input_raw|  1.51e+07  | 558479217|
#=============================================================================#
        test_name   |ntup| tsamples |psamples|  p-value |Assessment
#=============================================================================#
   diehard_bitstream|   0|   2097152|     100|0.81164554|  PASSED
=== -d 8 ===
=======================#
   rng_name    |rands/second|   Seed   |
stdin_input_raw|  1.79e+07  |3469324576|
#=============================================================================#
        test_name   |ntup| tsamples |psamples|  p-value |Assessment
#=============================================================================#
diehard_count_1s_str|   0|    256000|     100|0.98903349|  PASSED
=== -d 9 ===
=======================#
   rng_name    |rands/second|   Seed   |
stdin_input_raw|  1.78e+07  |3899845760|
#=============================================================================#
        test_name   |ntup| tsamples |psamples|  p-value |Assessment
#=============================================================================#
diehard_count_1s_byt|   0|    256000|     100|0.92964128|  PASSED
=== -d 10 ===
=======================#
   rng_name    |rands/second|   Seed   |
stdin_input_raw|  1.60e+07  | 364888101|
#=============================================================================#
        test_name   |ntup| tsamples |psamples|  p-value |Assessment
#=============================================================================#
 diehard_parking_lot|   0|     12000|     100|0.85149486|  PASSED
=== -d 11 ===
=======================#
   rng_name    |rands/second|   Seed   |
stdin_input_raw|  1.69e+07  |1915954369|
#=============================================================================#
        test_name   |ntup| tsamples |psamples|  p-value |Assessment
#=============================================================================#
    diehard_2dsphere|   2|      8000|     100|0.92909816|  PASSED
=== -d 12 ===
=======================#
   rng_name    |rands/second|   Seed   |
stdin_input_raw|  1.57e+07  |3346770117|
#=============================================================================#
        test_name   |ntup| tsamples |psamples|  p-value |Assessment
#=============================================================================#
    diehard_3dsphere|   3|      4000|     100|0.20775235|  PASSED
=== -d 13 ===
=======================#
   rng_name    |rands/second|   Seed   |
stdin_input_raw|  1.60e+07  |2574732456|
#=============================================================================#
        test_name   |ntup| tsamples |psamples|  p-value |Assessment
#=============================================================================#
     diehard_squeeze|   0|    100000|     100|0.66258616|  PASSED
=== -d 15 ===
din_input_raw|  1.56e+07  |1012145475|
#=============================================================================#
        test_name   |ntup| tsamples |psamples|  p-value |Assessment
#=============================================================================#
        diehard_runs|   0|    100000|     100|0.91388915|  PASSED  
        diehard_runs|   0|    100000|     100|0.03394243|  PASSED
=== -d 16 ===
din_input_raw|  1.76e+07  |2119295325|
#=============================================================================#
        test_name   |ntup| tsamples |psamples|  p-value |Assessment
#=============================================================================#
       diehard_craps|   0|    200000|     100|0.85321612|  PASSED  
       diehard_craps|   0|    200000|     100|0.90427377|  PASSED
=== -d 17 ===
din_input_raw|  1.90e+07  |3970931339|
#=============================================================================#
        test_name   |ntup| tsamples |psamples|  p-value |Assessment
#=============================================================================#
 marsaglia_tsang_gcd|   0|  10000000|     100|0.76837936|  PASSED  
 marsaglia_tsang_gcd|   0|  10000000|     100|0.89898667|  PASSED
=== -d 100 ===
=======================#
   rng_name    |rands/second|   Seed   |
stdin_input_raw|  1.89e+07  |3327316166|
#=============================================================================#
        test_name   |ntup| tsamples |psamples|  p-value |Assessment
#=============================================================================#
         sts_monobit|   1|    100000|     100|0.91831070|  PASSED
=== -d 101 ===
=======================#
   rng_name    |rands/second|   Seed   |
stdin_input_raw|  1.54e+07  |1333451614|
#=============================================================================#
        test_name   |ntup| tsamples |psamples|  p-value |Assessment
#=============================================================================#
            sts_runs|   2|    100000|     100|0.34123656|  PASSED
=== -d 102 ===
     sts_serial|  14|    100000|     100|0.39658656|  PASSED  
          sts_serial|  14|    100000|     100|0.79307203|  PASSED  
          sts_serial|  15|    100000|     100|0.36465920|  PASSED  
          sts_serial|  15|    100000|     100|0.85937700|  PASSED  
          sts_serial|  16|    100000|     100|0.12898534|  PASSED  
          sts_serial|  16|    100000|     100|0.04957614|  PASSED
=== -d 200 ===

=== -d 201 ===
=======================#
   rng_name    |rands/second|   Seed   |
stdin_input_raw|  1.54e+07  |1110077483|
#=============================================================================#
        test_name   |ntup| tsamples |psamples|  p-value |Assessment
#=============================================================================#
rgb_minimum_distance|   5|     10000|    1000|0.20977466|  PASSED
=== -d 202 ===
=======================#
   rng_name    |rands/second|   Seed   |
stdin_input_raw|  2.65e+07  |1186727245|
#=============================================================================#
        test_name   |ntup| tsamples |psamples|  p-value |Assessment
#=============================================================================#
    rgb_permutations|   5|    100000|     100|0.32489269|  PASSED
=== -d 203 ===
=======================#
   rng_name    |rands/second|   Seed   |
stdin_input_raw|  1.92e+07  |1423541303|
#=============================================================================#
        test_name   |ntup| tsamples |psamples|  p-value |Assessment
#=============================================================================#
      rgb_lagged_sum|   0|   1000000|     100|0.38557509|  PASSED
=== -d 204 ===
=======================#
   rng_name    |rands/second|   Seed   |
stdin_input_raw|  1.51e+07  |1869395420|
#=============================================================================#
        test_name   |ntup| tsamples |psamples|  p-value |Assessment
#=============================================================================#
     rgb_kstest_test|   0|     10000|    1000|0.07938989|  PASSED
=== -d 205 ===
=======================#
   rng_name    |rands/second|   Seed   |
stdin_input_raw|  1.63e+07  |1806375824|
#=============================================================================#
        test_name   |ntup| tsamples |psamples|  p-value |Assessment
#=============================================================================#
     dab_bytedistrib|   0|  51200000|       1|0.20319733|  PASSED
=== -d 206 ===
=======================#
   rng_name    |rands/second|   Seed   |
stdin_input_raw|  2.13e+07  |2294973537|
#=============================================================================#
        test_name   |ntup| tsamples |psamples|  p-value |Assessment
#=============================================================================#
             dab_dct| 256|     50000|       1|0.54820469|  PASSED
=== -d 207 ===
din_input_raw|  1.71e+07  |1815871972|
#=============================================================================#
        test_name   |ntup| tsamples |psamples|  p-value |Assessment
#=============================================================================#
        dab_filltree|  32|  15000000|       1|0.75575020|  PASSED  
        dab_filltree|  32|  15000000|       1|0.40391162|  PASSED
=== -d 208 ===
din_input_raw|  1.53e+07  |3364988923|
#=============================================================================#
        test_name   |ntup| tsamples |psamples|  p-value |Assessment
#=============================================================================#
       dab_filltree2|   0|   5000000|       1|0.51082853|  PASSED  
       dab_filltree2|   1|   5000000|       1|0.48209868|  PASSED
=== -d 209 ===
=======================#
   rng_name    |rands/second|   Seed   |
stdin_input_raw|  2.10e+07  |1617086692|
#=============================================================================#
        test_name   |ntup| tsamples |psamples|  p-value |Assessment
#=============================================================================#
        dab_monobit2|  12|  65000000|       1|0.80505625|  PASSED

=== summary for winner_wired_addressable ===
25/27 test invocations show PASSED, 1 contain a WEAK sub-result, 0 show FAILED
Raw output: /home/albasith/ra_prng/experiments/2026-9-1_dieharder-battery/dieharder_winner_wired_addressable_piped.txt
