=== -d 0 ===
=======================#
   rng_name    |rands/second|   Seed   |
stdin_input_raw|  9.68e+06  | 389384259|
#=============================================================================#
        test_name   |ntup| tsamples |psamples|  p-value |Assessment
#=============================================================================#
   diehard_birthdays|   0|       100|     100|0.13127787|  PASSED
=== -d 1 ===
=======================#
   rng_name    |rands/second|   Seed   |
stdin_input_raw|  9.98e+06  |1804999409|
#=============================================================================#
        test_name   |ntup| tsamples |psamples|  p-value |Assessment
#=============================================================================#
      diehard_operm5|   0|   1000000|     100|0.48222879|  PASSED
=== -d 2 ===
=======================#
   rng_name    |rands/second|   Seed   |
stdin_input_raw|  9.50e+06  |2449012793|
#=============================================================================#
        test_name   |ntup| tsamples |psamples|  p-value |Assessment
#=============================================================================#
  diehard_rank_32x32|   0|     40000|     100|0.09866223|  PASSED
=== -d 3 ===
=======================#
   rng_name    |rands/second|   Seed   |
stdin_input_raw|  7.94e+06  |2635810939|
#=============================================================================#
        test_name   |ntup| tsamples |psamples|  p-value |Assessment
#=============================================================================#
    diehard_rank_6x8|   0|    100000|     100|0.57497974|  PASSED
=== -d 4 ===
=======================#
   rng_name    |rands/second|   Seed   |
stdin_input_raw|  1.06e+07  | 887358101|
#=============================================================================#
        test_name   |ntup| tsamples |psamples|  p-value |Assessment
#=============================================================================#
   diehard_bitstream|   0|   2097152|     100|0.13202900|  PASSED
=== -d 8 ===
========================#
   rng_name    |rands/second|   Seed   |
stdin_input_raw|  7.81e+06  | 347789784|
#=============================================================================#
        test_name   |ntup| tsamples |psamples|  p-value |Assessment
#=============================================================================#
diehard_count_1s_str|   0|    256000|     100|0.99998019|   WEAK
=== -d 9 ===
=======================#
   rng_name    |rands/second|   Seed   |
stdin_input_raw|  8.20e+06  |2749296362|
#=============================================================================#
        test_name   |ntup| tsamples |psamples|  p-value |Assessment
#=============================================================================#
diehard_count_1s_byt|   0|    256000|     100|0.32735714|  PASSED
=== -d 10 ===
=======================#
   rng_name    |rands/second|   Seed   |
stdin_input_raw|  9.67e+06  | 763937313|
#=============================================================================#
        test_name   |ntup| tsamples |psamples|  p-value |Assessment
#=============================================================================#
 diehard_parking_lot|   0|     12000|     100|0.90083553|  PASSED
=== -d 11 ===
=======================#
   rng_name    |rands/second|   Seed   |
stdin_input_raw|  1.05e+07  |1972259150|
#=============================================================================#
        test_name   |ntup| tsamples |psamples|  p-value |Assessment
#=============================================================================#
    diehard_2dsphere|   2|      8000|     100|0.71577467|  PASSED
=== -d 12 ===
=======================#
   rng_name    |rands/second|   Seed   |
stdin_input_raw|  9.08e+06  | 207262205|
#=============================================================================#
        test_name   |ntup| tsamples |psamples|  p-value |Assessment
#=============================================================================#
    diehard_3dsphere|   3|      4000|     100|0.58792741|  PASSED
=== -d 13 ===
=======================#
   rng_name    |rands/second|   Seed   |
stdin_input_raw|  9.94e+06  |2821764764|
#=============================================================================#
        test_name   |ntup| tsamples |psamples|  p-value |Assessment
#=============================================================================#
     diehard_squeeze|   0|    100000|     100|0.15180434|  PASSED
=== -d 15 ===
din_input_raw|  7.58e+06  |1375214976|
#=============================================================================#
        test_name   |ntup| tsamples |psamples|  p-value |Assessment
#=============================================================================#
        diehard_runs|   0|    100000|     100|0.64411456|  PASSED  
        diehard_runs|   0|    100000|     100|0.85003534|  PASSED
=== -d 16 ===
din_input_raw|  1.02e+07  |3169633434|
#=============================================================================#
        test_name   |ntup| tsamples |psamples|  p-value |Assessment
#=============================================================================#
       diehard_craps|   0|    200000|     100|0.76827851|  PASSED  
       diehard_craps|   0|    200000|     100|0.33558268|  PASSED
=== -d 17 ===
din_input_raw|  1.02e+07  |1491689173|
#=============================================================================#
        test_name   |ntup| tsamples |psamples|  p-value |Assessment
#=============================================================================#
 marsaglia_tsang_gcd|   0|  10000000|     100|0.20519019|  PASSED  
 marsaglia_tsang_gcd|   0|  10000000|     100|0.02966269|  PASSED
=== -d 100 ===
=======================#
   rng_name    |rands/second|   Seed   |
stdin_input_raw|  1.01e+07  |1384525557|
#=============================================================================#
        test_name   |ntup| tsamples |psamples|  p-value |Assessment
#=============================================================================#
         sts_monobit|   1|    100000|     100|0.52285028|  PASSED
=== -d 101 ===
=======================#
   rng_name    |rands/second|   Seed   |
stdin_input_raw|  9.42e+06  | 449536832|
#=============================================================================#
        test_name   |ntup| tsamples |psamples|  p-value |Assessment
#=============================================================================#
            sts_runs|   2|    100000|     100|0.98321751|  PASSED
=== -d 102 ===
     sts_serial|  14|    100000|     100|0.84589501|  PASSED  
          sts_serial|  14|    100000|     100|0.84655912|  PASSED  
          sts_serial|  15|    100000|     100|0.53663650|  PASSED  
          sts_serial|  15|    100000|     100|0.08530778|  PASSED  
          sts_serial|  16|    100000|     100|0.51785215|  PASSED  
          sts_serial|  16|    100000|     100|0.59104644|  PASSED
=== -d 200 ===

=== -d 201 ===
=======================#
   rng_name    |rands/second|   Seed   |
stdin_input_raw|  1.25e+07  |1485307071|
#=============================================================================#
        test_name   |ntup| tsamples |psamples|  p-value |Assessment
#=============================================================================#
rgb_minimum_distance|   5|     10000|    1000|0.92711871|  PASSED
=== -d 202 ===
=======================#
   rng_name    |rands/second|   Seed   |
stdin_input_raw|  1.23e+07  |2262904757|
#=============================================================================#
        test_name   |ntup| tsamples |psamples|  p-value |Assessment
#=============================================================================#
    rgb_permutations|   5|    100000|     100|0.66510818|  PASSED
=== -d 203 ===
=======================#
   rng_name    |rands/second|   Seed   |
stdin_input_raw|  1.12e+07  |3833088956|
#=============================================================================#
        test_name   |ntup| tsamples |psamples|  p-value |Assessment
#=============================================================================#
      rgb_lagged_sum|   0|   1000000|     100|0.34090941|  PASSED
=== -d 204 ===
=======================#
   rng_name    |rands/second|   Seed   |
stdin_input_raw|  1.20e+07  |2727157422|
#=============================================================================#
        test_name   |ntup| tsamples |psamples|  p-value |Assessment
#=============================================================================#
     rgb_kstest_test|   0|     10000|    1000|0.21433182|  PASSED
=== -d 205 ===
=======================#
   rng_name    |rands/second|   Seed   |
stdin_input_raw|  1.18e+07  |2039866185|
#=============================================================================#
        test_name   |ntup| tsamples |psamples|  p-value |Assessment
#=============================================================================#
     dab_bytedistrib|   0|  51200000|       1|0.07739634|  PASSED
=== -d 206 ===
=======================#
   rng_name    |rands/second|   Seed   |
stdin_input_raw|  1.26e+07  |2311583501|
#=============================================================================#
        test_name   |ntup| tsamples |psamples|  p-value |Assessment
#=============================================================================#
             dab_dct| 256|     50000|       1|0.26149198|  PASSED
=== -d 207 ===
din_input_raw|  1.23e+07  |3551152470|
#=============================================================================#
        test_name   |ntup| tsamples |psamples|  p-value |Assessment
#=============================================================================#
        dab_filltree|  32|  15000000|       1|0.00226324|   WEAK   
        dab_filltree|  32|  15000000|       1|0.69345681|  PASSED
=== -d 208 ===
din_input_raw|  1.18e+07  |2076550123|
#=============================================================================#
        test_name   |ntup| tsamples |psamples|  p-value |Assessment
#=============================================================================#
       dab_filltree2|   0|   5000000|       1|0.97564475|  PASSED  
       dab_filltree2|   1|   5000000|       1|0.74420138|  PASSED
=== -d 209 ===
=======================#
   rng_name    |rands/second|   Seed   |
stdin_input_raw|  1.13e+07  | 322431552|
#=============================================================================#
        test_name   |ntup| tsamples |psamples|  p-value |Assessment
#=============================================================================#
        dab_monobit2|  12|  65000000|       1|0.77989007|  PASSED

=== summary for K1 ===
25/27 test invocations show PASSED, 2 contain a WEAK sub-result, 0 show FAILED
Raw output: /home/zep/Documents/research/ra_prng/experiments/2026-9-1_production-candidate-battery/dieharder_K1_piped.txt
