=== -d 0 ===
=======================#
   rng_name    |rands/second|   Seed   |
stdin_input_raw|  2.82e+07  |3655636061|
#=============================================================================#
        test_name   |ntup| tsamples |psamples|  p-value |Assessment
#=============================================================================#
   diehard_birthdays|   0|       100|     100|0.86318016|  PASSED
=== -d 1 ===
=======================#
   rng_name    |rands/second|   Seed   |
stdin_input_raw|  2.58e+07  | 164823283|
#=============================================================================#
        test_name   |ntup| tsamples |psamples|  p-value |Assessment
#=============================================================================#
      diehard_operm5|   0|   1000000|     100|0.19446720|  PASSED
=== -d 2 ===
=======================#
   rng_name    |rands/second|   Seed   |
stdin_input_raw|  2.72e+07  |3389010957|
#=============================================================================#
        test_name   |ntup| tsamples |psamples|  p-value |Assessment
#=============================================================================#
  diehard_rank_32x32|   0|     40000|     100|0.54297362|  PASSED
=== -d 3 ===
=======================#
   rng_name    |rands/second|   Seed   |
stdin_input_raw|  2.66e+07  |2477140977|
#=============================================================================#
        test_name   |ntup| tsamples |psamples|  p-value |Assessment
#=============================================================================#
    diehard_rank_6x8|   0|    100000|     100|0.73798154|  PASSED
=== -d 4 ===
=======================#
   rng_name    |rands/second|   Seed   |
stdin_input_raw|  2.60e+07  |1001849678|
#=============================================================================#
        test_name   |ntup| tsamples |psamples|  p-value |Assessment
#=============================================================================#
   diehard_bitstream|   0|   2097152|     100|0.91581046|  PASSED
=== -d 8 ===
=======================#
   rng_name    |rands/second|   Seed   |
stdin_input_raw|  2.54e+07  |2811014556|
#=============================================================================#
        test_name   |ntup| tsamples |psamples|  p-value |Assessment
#=============================================================================#
diehard_count_1s_str|   0|    256000|     100|0.13332748|  PASSED
=== -d 9 ===
=======================#
   rng_name    |rands/second|   Seed   |
stdin_input_raw|  2.87e+07  |4006436842|
#=============================================================================#
        test_name   |ntup| tsamples |psamples|  p-value |Assessment
#=============================================================================#
diehard_count_1s_byt|   0|    256000|     100|0.60406133|  PASSED
=== -d 10 ===
=======================#
   rng_name    |rands/second|   Seed   |
stdin_input_raw|  2.68e+07  |3716246780|
#=============================================================================#
        test_name   |ntup| tsamples |psamples|  p-value |Assessment
#=============================================================================#
 diehard_parking_lot|   0|     12000|     100|0.34620912|  PASSED
=== -d 11 ===
=======================#
   rng_name    |rands/second|   Seed   |
stdin_input_raw|  2.51e+07  |3884465702|
#=============================================================================#
        test_name   |ntup| tsamples |psamples|  p-value |Assessment
#=============================================================================#
    diehard_2dsphere|   2|      8000|     100|0.38450610|  PASSED
=== -d 12 ===
=======================#
   rng_name    |rands/second|   Seed   |
stdin_input_raw|  2.85e+07  |3608000255|
#=============================================================================#
        test_name   |ntup| tsamples |psamples|  p-value |Assessment
#=============================================================================#
    diehard_3dsphere|   3|      4000|     100|0.03589306|  PASSED
=== -d 13 ===
========================#
   rng_name    |rands/second|   Seed   |
stdin_input_raw|  2.76e+07  |2021789621|
#=============================================================================#
        test_name   |ntup| tsamples |psamples|  p-value |Assessment
#=============================================================================#
     diehard_squeeze|   0|    100000|     100|0.99867369|   WEAK
=== -d 15 ===
din_input_raw|  2.70e+07  |1059692288|
#=============================================================================#
        test_name   |ntup| tsamples |psamples|  p-value |Assessment
#=============================================================================#
        diehard_runs|   0|    100000|     100|0.12763370|  PASSED  
        diehard_runs|   0|    100000|     100|0.83958415|  PASSED
=== -d 16 ===
din_input_raw|  2.57e+07  | 225550633|
#=============================================================================#
        test_name   |ntup| tsamples |psamples|  p-value |Assessment
#=============================================================================#
       diehard_craps|   0|    200000|     100|0.01430677|  PASSED  
       diehard_craps|   0|    200000|     100|0.29736633|  PASSED
=== -d 17 ===
din_input_raw|  3.14e+07  |3453447293|
#=============================================================================#
        test_name   |ntup| tsamples |psamples|  p-value |Assessment
#=============================================================================#
 marsaglia_tsang_gcd|   0|  10000000|     100|0.38535213|  PASSED  
 marsaglia_tsang_gcd|   0|  10000000|     100|0.73858912|  PASSED
=== -d 100 ===
=======================#
   rng_name    |rands/second|   Seed   |
stdin_input_raw|  2.46e+07  |2469880572|
#=============================================================================#
        test_name   |ntup| tsamples |psamples|  p-value |Assessment
#=============================================================================#
         sts_monobit|   1|    100000|     100|0.82917000|  PASSED
=== -d 101 ===
=======================#
   rng_name    |rands/second|   Seed   |
stdin_input_raw|  2.45e+07  |1738792909|
#=============================================================================#
        test_name   |ntup| tsamples |psamples|  p-value |Assessment
#=============================================================================#
            sts_runs|   2|    100000|     100|0.60672224|  PASSED
=== -d 102 ===
     sts_serial|  14|    100000|     100|0.42090266|  PASSED  
          sts_serial|  14|    100000|     100|0.28599567|  PASSED  
          sts_serial|  15|    100000|     100|0.86705066|  PASSED  
          sts_serial|  15|    100000|     100|0.70965886|  PASSED  
          sts_serial|  16|    100000|     100|0.60445876|  PASSED  
          sts_serial|  16|    100000|     100|0.91608822|  PASSED
=== -d 200 ===

=== -d 201 ===
=======================#
   rng_name    |rands/second|   Seed   |
stdin_input_raw|  2.60e+07  | 991135459|
#=============================================================================#
        test_name   |ntup| tsamples |psamples|  p-value |Assessment
#=============================================================================#
rgb_minimum_distance|   5|     10000|    1000|0.84492181|  PASSED
=== -d 202 ===
=======================#
   rng_name    |rands/second|   Seed   |
stdin_input_raw|  2.83e+07  | 288102401|
#=============================================================================#
        test_name   |ntup| tsamples |psamples|  p-value |Assessment
#=============================================================================#
    rgb_permutations|   5|    100000|     100|0.96544957|  PASSED
=== -d 203 ===
=======================#
   rng_name    |rands/second|   Seed   |
stdin_input_raw|  2.69e+07  | 495453907|
#=============================================================================#
        test_name   |ntup| tsamples |psamples|  p-value |Assessment
#=============================================================================#
      rgb_lagged_sum|   0|   1000000|     100|0.24681037|  PASSED
=== -d 204 ===
=======================#
   rng_name    |rands/second|   Seed   |
stdin_input_raw|  2.82e+07  |2335730667|
#=============================================================================#
        test_name   |ntup| tsamples |psamples|  p-value |Assessment
#=============================================================================#
     rgb_kstest_test|   0|     10000|    1000|0.96756865|  PASSED
=== -d 205 ===
=======================#
   rng_name    |rands/second|   Seed   |
stdin_input_raw|  2.24e+07  |3932001180|
#=============================================================================#
        test_name   |ntup| tsamples |psamples|  p-value |Assessment
#=============================================================================#
     dab_bytedistrib|   0|  51200000|       1|0.11752338|  PASSED
=== -d 206 ===
=======================#
   rng_name    |rands/second|   Seed   |
stdin_input_raw|  2.65e+07  |3321405017|
#=============================================================================#
        test_name   |ntup| tsamples |psamples|  p-value |Assessment
#=============================================================================#
             dab_dct| 256|     50000|       1|0.91488035|  PASSED
=== -d 207 ===
din_input_raw|  2.80e+07  |1025689866|
#=============================================================================#
        test_name   |ntup| tsamples |psamples|  p-value |Assessment
#=============================================================================#
        dab_filltree|  32|  15000000|       1|0.19152583|  PASSED  
        dab_filltree|  32|  15000000|       1|0.96356378|  PASSED
=== -d 208 ===
din_input_raw|  2.78e+07  |1140432545|
#=============================================================================#
        test_name   |ntup| tsamples |psamples|  p-value |Assessment
#=============================================================================#
       dab_filltree2|   0|   5000000|       1|0.40191965|  PASSED  
       dab_filltree2|   1|   5000000|       1|0.98867308|  PASSED
=== -d 209 ===
=======================#
   rng_name    |rands/second|   Seed   |
stdin_input_raw|  2.85e+07  |3948600919|
#=============================================================================#
        test_name   |ntup| tsamples |psamples|  p-value |Assessment
#=============================================================================#
        dab_monobit2|  12|  65000000|       1|0.65664795|  PASSED

=== summary for K255 ===
25/27 test invocations show PASSED, 1 contain a WEAK sub-result, 0 show FAILED
Raw output: /home/zep/Documents/research/ra_prng/experiments/2026-9-1_production-candidate-battery/dieharder_K255_piped.txt
